Archive member included to satisfy reference by file (symbol)

c:/program files (x86)/atmel/studio/7.0/toolchain/avr8/avr8-gnu-toolchain/bin/../lib/gcc/avr/5.4.0/avr5\libgcc.a(_udivmodqi4.o)
                              HAL/LCD.o (__udivmodqi4)
c:/program files (x86)/atmel/studio/7.0/toolchain/avr8/avr8-gnu-toolchain/bin/../lib/gcc/avr/5.4.0/avr5\libgcc.a(_udivmodhi4.o)
                              HAL/LCD.o (__udivmodhi4)
c:/program files (x86)/atmel/studio/7.0/toolchain/avr8/avr8-gnu-toolchain/bin/../lib/gcc/avr/5.4.0/avr5\libgcc.a(_udivmodsi4.o)
                              HAL/LCD.o (__udivmodsi4)
c:/program files (x86)/atmel/studio/7.0/toolchain/avr8/avr8-gnu-toolchain/bin/../lib/gcc/avr/5.4.0/avr5\libgcc.a(_divmodsi4.o)
                              HAL/LCD.o (__divmodsi4)
c:/program files (x86)/atmel/studio/7.0/toolchain/avr8/avr8-gnu-toolchain/bin/../lib/gcc/avr/5.4.0/avr5\libgcc.a(_negsi2.o)
                              c:/program files (x86)/atmel/studio/7.0/toolchain/avr8/avr8-gnu-toolchain/bin/../lib/gcc/avr/5.4.0/avr5\libgcc.a(_divmodsi4.o) (__negsi2)
c:/program files (x86)/atmel/studio/7.0/toolchain/avr8/avr8-gnu-toolchain/bin/../lib/gcc/avr/5.4.0/avr5\libgcc.a(_exit.o)
                              C:/Program Files (x86)/Atmel/Studio/7.0/Packs/atmel/ATmega_DFP/1.7.374/gcc/dev/atmega32/avr5/crtatmega32.o (exit)
c:/program files (x86)/atmel/studio/7.0/toolchain/avr8/avr8-gnu-toolchain/bin/../lib/gcc/avr/5.4.0/avr5\libgcc.a(_copy_data.o)
                              APP/SMARTHOME_INTERFACE.o (__do_copy_data)
c:/program files (x86)/atmel/studio/7.0/toolchain/avr8/avr8-gnu-toolchain/bin/../lib/gcc/avr/5.4.0/avr5\libgcc.a(_clear_bss.o)
                              APP/SMARTHOME_INTERFACE.o (__do_clear_bss)
c:/program files (x86)/atmel/studio/7.0/toolchain/avr8/avr8-gnu-toolchain/bin/../lib/gcc/avr/5.4.0/avr5\libgcc.a(_umulhisi3.o)
                              HAL/SERVO.o (__umulhisi3)

Allocating common symbols
Common symbol       size              file

GLOBAL_Password     0x1               APP/SMARTHOME_INTERFACE.o

Discarded input sections

 .data          0x00000000        0x0 C:/Program Files (x86)/Atmel/Studio/7.0/Packs/atmel/ATmega_DFP/1.7.374/gcc/dev/atmega32/avr5/crtatmega32.o
 .bss           0x00000000        0x0 C:/Program Files (x86)/Atmel/Studio/7.0/Packs/atmel/ATmega_DFP/1.7.374/gcc/dev/atmega32/avr5/crtatmega32.o
 .text          0x00000000        0x0 APP/SMARTHOME_INTERFACE.o
 .data          0x00000000        0x0 APP/SMARTHOME_INTERFACE.o
 .bss           0x00000000        0x0 APP/SMARTHOME_INTERFACE.o
 .text.SMARTHOME_DoorClose
                0x00000000        0x6 APP/SMARTHOME_INTERFACE.o
 .text          0x00000000        0x0 CFG/DIO_cfg.o
 .data          0x00000000        0x0 CFG/DIO_cfg.o
 .bss           0x00000000        0x0 CFG/DIO_cfg.o
 .text          0x00000000        0x0 CFG/KeyPad_cfg.o
 .data          0x00000000        0x0 CFG/KeyPad_cfg.o
 .bss           0x00000000        0x0 CFG/KeyPad_cfg.o
 .text          0x00000000        0x0 HAL/KeyPad.o
 .data          0x00000000        0x0 HAL/KeyPad.o
 .bss           0x00000000        0x0 HAL/KeyPad.o
 .text          0x00000000        0x0 HAL/LCD.o
 .data          0x00000000        0x0 HAL/LCD.o
 .bss           0x00000000        0x0 HAL/LCD.o
 .text.LCD_WriteSignNumber
                0x00000000       0xfa HAL/LCD.o
 .text.LCD_WriteNumInFullBin
                0x00000000       0x48 HAL/LCD.o
 .text.LCD_WriteNumInBin
                0x00000000       0x74 HAL/LCD.o
 .text.LCD_WriteNumberInHexa
                0x00000000       0x38 HAL/LCD.o
 .text.LCD_ConvertFromHex2Dec
                0x00000000        0x2 HAL/LCD.o
 .text.LCD_WriteNumIn2Dig
                0x00000000       0x30 HAL/LCD.o
 .text.LCD_WriteNumIn3Dig
                0x00000000       0x54 HAL/LCD.o
 .text.LCD_WriteNumIn4Dig
                0x00000000       0x6e HAL/LCD.o
 .text.LCD_WriteInArrabic
                0x00000000       0x5a HAL/LCD.o
 .text          0x00000000        0x0 HAL/SERVO.o
 .data          0x00000000        0x0 HAL/SERVO.o
 .bss           0x00000000        0x0 HAL/SERVO.o
 .text          0x00000000        0x0 main.o
 .data          0x00000000        0x0 main.o
 .bss           0x00000000        0x0 main.o
 .bss.x         0x00000000        0x1 main.o
 .text          0x00000000        0x0 MCAL/ADC.o
 .data          0x00000000        0x0 MCAL/ADC.o
 .bss           0x00000000        0x0 MCAL/ADC.o
 .text.ADC_Init
                0x00000000       0x2a MCAL/ADC.o
 .text.ADC_Read
                0x00000000       0x20 MCAL/ADC.o
 .text.ADC_ReadVolt
                0x00000000       0x22 MCAL/ADC.o
 .comment       0x00000000       0x31 MCAL/ADC.o
 .text          0x00000000        0x0 MCAL/DIO.o
 .data          0x00000000        0x0 MCAL/DIO.o
 .bss           0x00000000        0x0 MCAL/DIO.o
 .text.DIO_InitPort
                0x00000000       0x9c MCAL/DIO.o
 .text.DIO_ReadPort
                0x00000000       0x22 MCAL/DIO.o
 .text.DIO_TogglePin
                0x00000000       0x6a MCAL/DIO.o
 .text.DIO_TogglePort
                0x00000000       0x36 MCAL/DIO.o
 .text          0x00000000        0x0 MCAL/EEPROM.o
 .data          0x00000000        0x0 MCAL/EEPROM.o
 .bss           0x00000000        0x0 MCAL/EEPROM.o
 .text          0x00000000        0x0 MCAL/EXINT.o
 .data          0x00000000        0x0 MCAL/EXINT.o
 .bss           0x00000000        0x0 MCAL/EXINT.o
 .text.EXI_Enable
                0x00000000       0x28 MCAL/EXINT.o
 .text.EXI_Disable
                0x00000000       0x28 MCAL/EXINT.o
 .text.EXI_TriggerEdge
                0x00000000       0xb0 MCAL/EXINT.o
 .text.Enable_GlobalInterrupt
                0x00000000        0x4 MCAL/EXINT.o
 .text.Disable_GlobalInterrupt
                0x00000000        0x4 MCAL/EXINT.o
 .text.EXI_SetCallBack
                0x00000000       0x2a MCAL/EXINT.o
 .text          0x00000000        0x0 MCAL/TIMERS.o
 .data          0x00000000        0x0 MCAL/TIMERS.o
 .bss           0x00000000        0x0 MCAL/TIMERS.o
 .text.TIMER0_Init
                0x00000000       0x40 MCAL/TIMERS.o
 .text.TIMER0_OC0Mode
                0x00000000       0x36 MCAL/TIMERS.o
 .text.TIMER0_OV_InterruptEnable
                0x00000000        0x8 MCAL/TIMERS.o
 .text.TIMER0_OV_InterruptDisable
                0x00000000        0x8 MCAL/TIMERS.o
 .text.TIMER0_OC_InterruptEnable
                0x00000000        0x8 MCAL/TIMERS.o
 .text.TIMER0_OC_InterruptDisable
                0x00000000        0x8 MCAL/TIMERS.o
 .text.Timer0_OV_SetCallBack
                0x00000000        0xa MCAL/TIMERS.o
 .text.Timer0_OC0_SetCallBack
                0x00000000        0xa MCAL/TIMERS.o
 .text.Timer1_OCRB1Mode
                0x00000000       0x36 MCAL/TIMERS.o
 .text.Timer1_InputCaptureEdge
                0x00000000       0x16 MCAL/TIMERS.o
 .text.Timer1_ICU_InterruptEnable
                0x00000000        0x8 MCAL/TIMERS.o
 .text.Timer1_ICU_InterruptDisable
                0x00000000        0x8 MCAL/TIMERS.o
 .text.Timer1_OVF_InterruptEnable
                0x00000000        0x8 MCAL/TIMERS.o
 .text.Timer1_OVF_InterruptDisable
                0x00000000        0x8 MCAL/TIMERS.o
 .text.Timer1_OCA_InterruptEnable
                0x00000000        0x8 MCAL/TIMERS.o
 .text.Timer1_OCA_InterruptDisable
                0x00000000        0x8 MCAL/TIMERS.o
 .text.Timer1_OCB_InterruptEnable
                0x00000000        0x8 MCAL/TIMERS.o
 .text.Timer1_OCB_InterruptDisable
                0x00000000        0x8 MCAL/TIMERS.o
 .text.Timer1_OVF_SetCallBack
                0x00000000        0xa MCAL/TIMERS.o
 .text.Timer1_OCA_SetCallBack
                0x00000000        0xa MCAL/TIMERS.o
 .text.Timer1_OCB_SetCallBack
                0x00000000        0xa MCAL/TIMERS.o
 .text.Timer1_ICU_SetCallBack
                0x00000000        0xa MCAL/TIMERS.o
 .text          0x00000000        0x0 MCAL/UART.o
 .data          0x00000000        0x0 MCAL/UART.o
 .bss           0x00000000        0x0 MCAL/UART.o
 .text.UART_ReceiveUsingpooling
                0x00000000        0x8 MCAL/UART.o
 .text.UART_Send_NoBlock
                0x00000000        0x4 MCAL/UART.o
 .text.UART_ReceiveByteNoBlock
                0x00000000        0x4 MCAL/UART.o
 .text.UART_SendReceive
                0x00000000        0xa MCAL/UART.o
 .text.UART_TxInterruptEnable
                0x00000000        0x4 MCAL/UART.o
 .text.UART_RX_InterruptEnable
                0x00000000        0x4 MCAL/UART.o
 .text.UART_TxInterruptDisable
                0x00000000        0x4 MCAL/UART.o
 .text.UART_RX_InterruptDisable
                0x00000000        0x4 MCAL/UART.o
 .text.UART_RX_SetCallBack
                0x00000000        0xa MCAL/UART.o
 .text.UART_TX_SetCallBack
                0x00000000        0xa MCAL/UART.o
 .text          0x00000000        0x0 SERVICE/UART_SERVICE.o
 .data          0x00000000        0x0 SERVICE/UART_SERVICE.o
 .bss           0x00000000        0x0 SERVICE/UART_SERVICE.o
 .text.UART_SendString
                0x00000000       0x2a SERVICE/UART_SERVICE.o
 .text.UART_RecieveString
                0x00000000       0x42 SERVICE/UART_SERVICE.o
 .text.UART_SendNumber
                0x00000000       0x2a SERVICE/UART_SERVICE.o
 .text.UART_RecieveNumber
                0x00000000       0x44 SERVICE/UART_SERVICE.o
 .text.UART_String_Compare
                0x00000000       0x5e SERVICE/UART_SERVICE.o
 .text.UART_split_string
                0x00000000       0x52 SERVICE/UART_SERVICE.o
 .comment       0x00000000       0x31 SERVICE/UART_SERVICE.o
 .text          0x00000000        0x0 c:/program files (x86)/atmel/studio/7.0/toolchain/avr8/avr8-gnu-toolchain/bin/../lib/gcc/avr/5.4.0/avr5\libgcc.a(_udivmodqi4.o)
 .data          0x00000000        0x0 c:/program files (x86)/atmel/studio/7.0/toolchain/avr8/avr8-gnu-toolchain/bin/../lib/gcc/avr/5.4.0/avr5\libgcc.a(_udivmodqi4.o)
 .bss           0x00000000        0x0 c:/program files (x86)/atmel/studio/7.0/toolchain/avr8/avr8-gnu-toolchain/bin/../lib/gcc/avr/5.4.0/avr5\libgcc.a(_udivmodqi4.o)
 .text.libgcc.mul
                0x00000000        0x0 c:/program files (x86)/atmel/studio/7.0/toolchain/avr8/avr8-gnu-toolchain/bin/../lib/gcc/avr/5.4.0/avr5\libgcc.a(_udivmodqi4.o)
 .text.libgcc.div
                0x00000000       0x18 c:/program files (x86)/atmel/studio/7.0/toolchain/avr8/avr8-gnu-toolchain/bin/../lib/gcc/avr/5.4.0/avr5\libgcc.a(_udivmodqi4.o)
 .text.libgcc   0x00000000        0x0 c:/program files (x86)/atmel/studio/7.0/toolchain/avr8/avr8-gnu-toolchain/bin/../lib/gcc/avr/5.4.0/avr5\libgcc.a(_udivmodqi4.o)
 .text.libgcc.prologue
                0x00000000        0x0 c:/program files (x86)/atmel/studio/7.0/toolchain/avr8/avr8-gnu-toolchain/bin/../lib/gcc/avr/5.4.0/avr5\libgcc.a(_udivmodqi4.o)
 .text.libgcc.builtins
                0x00000000        0x0 c:/program files (x86)/atmel/studio/7.0/toolchain/avr8/avr8-gnu-toolchain/bin/../lib/gcc/avr/5.4.0/avr5\libgcc.a(_udivmodqi4.o)
 .text.libgcc.fmul
                0x00000000        0x0 c:/program files (x86)/atmel/studio/7.0/toolchain/avr8/avr8-gnu-toolchain/bin/../lib/gcc/avr/5.4.0/avr5\libgcc.a(_udivmodqi4.o)
 .text.libgcc.fixed
                0x00000000        0x0 c:/program files (x86)/atmel/studio/7.0/toolchain/avr8/avr8-gnu-toolchain/bin/../lib/gcc/avr/5.4.0/avr5\libgcc.a(_udivmodqi4.o)
 .text          0x00000000        0x0 c:/program files (x86)/atmel/studio/7.0/toolchain/avr8/avr8-gnu-toolchain/bin/../lib/gcc/avr/5.4.0/avr5\libgcc.a(_udivmodhi4.o)
 .data          0x00000000        0x0 c:/program files (x86)/atmel/studio/7.0/toolchain/avr8/avr8-gnu-toolchain/bin/../lib/gcc/avr/5.4.0/avr5\libgcc.a(_udivmodhi4.o)
 .bss           0x00000000        0x0 c:/program files (x86)/atmel/studio/7.0/toolchain/avr8/avr8-gnu-toolchain/bin/../lib/gcc/avr/5.4.0/avr5\libgcc.a(_udivmodhi4.o)
 .text.libgcc.mul
                0x00000000        0x0 c:/program files (x86)/atmel/studio/7.0/toolchain/avr8/avr8-gnu-toolchain/bin/../lib/gcc/avr/5.4.0/avr5\libgcc.a(_udivmodhi4.o)
 .text.libgcc.div
                0x00000000       0x28 c:/program files (x86)/atmel/studio/7.0/toolchain/avr8/avr8-gnu-toolchain/bin/../lib/gcc/avr/5.4.0/avr5\libgcc.a(_udivmodhi4.o)
 .text.libgcc   0x00000000        0x0 c:/program files (x86)/atmel/studio/7.0/toolchain/avr8/avr8-gnu-toolchain/bin/../lib/gcc/avr/5.4.0/avr5\libgcc.a(_udivmodhi4.o)
 .text.libgcc.prologue
                0x00000000        0x0 c:/program files (x86)/atmel/studio/7.0/toolchain/avr8/avr8-gnu-toolchain/bin/../lib/gcc/avr/5.4.0/avr5\libgcc.a(_udivmodhi4.o)
 .text.libgcc.builtins
                0x00000000        0x0 c:/program files (x86)/atmel/studio/7.0/toolchain/avr8/avr8-gnu-toolchain/bin/../lib/gcc/avr/5.4.0/avr5\libgcc.a(_udivmodhi4.o)
 .text.libgcc.fmul
                0x00000000        0x0 c:/program files (x86)/atmel/studio/7.0/toolchain/avr8/avr8-gnu-toolchain/bin/../lib/gcc/avr/5.4.0/avr5\libgcc.a(_udivmodhi4.o)
 .text.libgcc.fixed
                0x00000000        0x0 c:/program files (x86)/atmel/studio/7.0/toolchain/avr8/avr8-gnu-toolchain/bin/../lib/gcc/avr/5.4.0/avr5\libgcc.a(_udivmodhi4.o)
 .text          0x00000000        0x0 c:/program files (x86)/atmel/studio/7.0/toolchain/avr8/avr8-gnu-toolchain/bin/../lib/gcc/avr/5.4.0/avr5\libgcc.a(_udivmodsi4.o)
 .data          0x00000000        0x0 c:/program files (x86)/atmel/studio/7.0/toolchain/avr8/avr8-gnu-toolchain/bin/../lib/gcc/avr/5.4.0/avr5\libgcc.a(_udivmodsi4.o)
 .bss           0x00000000        0x0 c:/program files (x86)/atmel/studio/7.0/toolchain/avr8/avr8-gnu-toolchain/bin/../lib/gcc/avr/5.4.0/avr5\libgcc.a(_udivmodsi4.o)
 .text.libgcc.mul
                0x00000000        0x0 c:/program files (x86)/atmel/studio/7.0/toolchain/avr8/avr8-gnu-toolchain/bin/../lib/gcc/avr/5.4.0/avr5\libgcc.a(_udivmodsi4.o)
 .text.libgcc   0x00000000        0x0 c:/program files (x86)/atmel/studio/7.0/toolchain/avr8/avr8-gnu-toolchain/bin/../lib/gcc/avr/5.4.0/avr5\libgcc.a(_udivmodsi4.o)
 .text.libgcc.prologue
                0x00000000        0x0 c:/program files (x86)/atmel/studio/7.0/toolchain/avr8/avr8-gnu-toolchain/bin/../lib/gcc/avr/5.4.0/avr5\libgcc.a(_udivmodsi4.o)
 .text.libgcc.builtins
                0x00000000        0x0 c:/program files (x86)/atmel/studio/7.0/toolchain/avr8/avr8-gnu-toolchain/bin/../lib/gcc/avr/5.4.0/avr5\libgcc.a(_udivmodsi4.o)
 .text.libgcc.fmul
                0x00000000        0x0 c:/program files (x86)/atmel/studio/7.0/toolchain/avr8/avr8-gnu-toolchain/bin/../lib/gcc/avr/5.4.0/avr5\libgcc.a(_udivmodsi4.o)
 .text.libgcc.fixed
                0x00000000        0x0 c:/program files (x86)/atmel/studio/7.0/toolchain/avr8/avr8-gnu-toolchain/bin/../lib/gcc/avr/5.4.0/avr5\libgcc.a(_udivmodsi4.o)
 .text          0x00000000        0x0 c:/program files (x86)/atmel/studio/7.0/toolchain/avr8/avr8-gnu-toolchain/bin/../lib/gcc/avr/5.4.0/avr5\libgcc.a(_divmodsi4.o)
 .data          0x00000000        0x0 c:/program files (x86)/atmel/studio/7.0/toolchain/avr8/avr8-gnu-toolchain/bin/../lib/gcc/avr/5.4.0/avr5\libgcc.a(_divmodsi4.o)
 .bss           0x00000000        0x0 c:/program files (x86)/atmel/studio/7.0/toolchain/avr8/avr8-gnu-toolchain/bin/../lib/gcc/avr/5.4.0/avr5\libgcc.a(_divmodsi4.o)
 .text.libgcc.mul
                0x00000000        0x0 c:/program files (x86)/atmel/studio/7.0/toolchain/avr8/avr8-gnu-toolchain/bin/../lib/gcc/avr/5.4.0/avr5\libgcc.a(_divmodsi4.o)
 .text.libgcc.div
                0x00000000       0x2e c:/program files (x86)/atmel/studio/7.0/toolchain/avr8/avr8-gnu-toolchain/bin/../lib/gcc/avr/5.4.0/avr5\libgcc.a(_divmodsi4.o)
 .text.libgcc   0x00000000        0x0 c:/program files (x86)/atmel/studio/7.0/toolchain/avr8/avr8-gnu-toolchain/bin/../lib/gcc/avr/5.4.0/avr5\libgcc.a(_divmodsi4.o)
 .text.libgcc.prologue
                0x00000000        0x0 c:/program files (x86)/atmel/studio/7.0/toolchain/avr8/avr8-gnu-toolchain/bin/../lib/gcc/avr/5.4.0/avr5\libgcc.a(_divmodsi4.o)
 .text.libgcc.builtins
                0x00000000        0x0 c:/program files (x86)/atmel/studio/7.0/toolchain/avr8/avr8-gnu-toolchain/bin/../lib/gcc/avr/5.4.0/avr5\libgcc.a(_divmodsi4.o)
 .text.libgcc.fmul
                0x00000000        0x0 c:/program files (x86)/atmel/studio/7.0/toolchain/avr8/avr8-gnu-toolchain/bin/../lib/gcc/avr/5.4.0/avr5\libgcc.a(_divmodsi4.o)
 .text.libgcc.fixed
                0x00000000        0x0 c:/program files (x86)/atmel/studio/7.0/toolchain/avr8/avr8-gnu-toolchain/bin/../lib/gcc/avr/5.4.0/avr5\libgcc.a(_divmodsi4.o)
 .text          0x00000000        0x0 c:/program files (x86)/atmel/studio/7.0/toolchain/avr8/avr8-gnu-toolchain/bin/../lib/gcc/avr/5.4.0/avr5\libgcc.a(_negsi2.o)
 .data          0x00000000        0x0 c:/program files (x86)/atmel/studio/7.0/toolchain/avr8/avr8-gnu-toolchain/bin/../lib/gcc/avr/5.4.0/avr5\libgcc.a(_negsi2.o)
 .bss           0x00000000        0x0 c:/program files (x86)/atmel/studio/7.0/toolchain/avr8/avr8-gnu-toolchain/bin/../lib/gcc/avr/5.4.0/avr5\libgcc.a(_negsi2.o)
 .text.libgcc.mul
                0x00000000        0x0 c:/program files (x86)/atmel/studio/7.0/toolchain/avr8/avr8-gnu-toolchain/bin/../lib/gcc/avr/5.4.0/avr5\libgcc.a(_negsi2.o)
 .text.libgcc.div
                0x00000000       0x10 c:/program files (x86)/atmel/studio/7.0/toolchain/avr8/avr8-gnu-toolchain/bin/../lib/gcc/avr/5.4.0/avr5\libgcc.a(_negsi2.o)
 .text.libgcc   0x00000000        0x0 c:/program files (x86)/atmel/studio/7.0/toolchain/avr8/avr8-gnu-toolchain/bin/../lib/gcc/avr/5.4.0/avr5\libgcc.a(_negsi2.o)
 .text.libgcc.prologue
                0x00000000        0x0 c:/program files (x86)/atmel/studio/7.0/toolchain/avr8/avr8-gnu-toolchain/bin/../lib/gcc/avr/5.4.0/avr5\libgcc.a(_negsi2.o)
 .text.libgcc.builtins
                0x00000000        0x0 c:/program files (x86)/atmel/studio/7.0/toolchain/avr8/avr8-gnu-toolchain/bin/../lib/gcc/avr/5.4.0/avr5\libgcc.a(_negsi2.o)
 .text.libgcc.fmul
                0x00000000        0x0 c:/program files (x86)/atmel/studio/7.0/toolchain/avr8/avr8-gnu-toolchain/bin/../lib/gcc/avr/5.4.0/avr5\libgcc.a(_negsi2.o)
 .text.libgcc.fixed
                0x00000000        0x0 c:/program files (x86)/atmel/studio/7.0/toolchain/avr8/avr8-gnu-toolchain/bin/../lib/gcc/avr/5.4.0/avr5\libgcc.a(_negsi2.o)
 .text          0x00000000        0x0 c:/program files (x86)/atmel/studio/7.0/toolchain/avr8/avr8-gnu-toolchain/bin/../lib/gcc/avr/5.4.0/avr5\libgcc.a(_exit.o)
 .data          0x00000000        0x0 c:/program files (x86)/atmel/studio/7.0/toolchain/avr8/avr8-gnu-toolchain/bin/../lib/gcc/avr/5.4.0/avr5\libgcc.a(_exit.o)
 .bss           0x00000000        0x0 c:/program files (x86)/atmel/studio/7.0/toolchain/avr8/avr8-gnu-toolchain/bin/../lib/gcc/avr/5.4.0/avr5\libgcc.a(_exit.o)
 .text.libgcc.mul
                0x00000000        0x0 c:/program files (x86)/atmel/studio/7.0/toolchain/avr8/avr8-gnu-toolchain/bin/../lib/gcc/avr/5.4.0/avr5\libgcc.a(_exit.o)
 .text.libgcc.div
                0x00000000        0x0 c:/program files (x86)/atmel/studio/7.0/toolchain/avr8/avr8-gnu-toolchain/bin/../lib/gcc/avr/5.4.0/avr5\libgcc.a(_exit.o)
 .text.libgcc   0x00000000        0x0 c:/program files (x86)/atmel/studio/7.0/toolchain/avr8/avr8-gnu-toolchain/bin/../lib/gcc/avr/5.4.0/avr5\libgcc.a(_exit.o)
 .text.libgcc.prologue
                0x00000000        0x0 c:/program files (x86)/atmel/studio/7.0/toolchain/avr8/avr8-gnu-toolchain/bin/../lib/gcc/avr/5.4.0/avr5\libgcc.a(_exit.o)
 .text.libgcc.builtins
                0x00000000        0x0 c:/program files (x86)/atmel/studio/7.0/toolchain/avr8/avr8-gnu-toolchain/bin/../lib/gcc/avr/5.4.0/avr5\libgcc.a(_exit.o)
 .text.libgcc.fmul
                0x00000000        0x0 c:/program files (x86)/atmel/studio/7.0/toolchain/avr8/avr8-gnu-toolchain/bin/../lib/gcc/avr/5.4.0/avr5\libgcc.a(_exit.o)
 .text.libgcc.fixed
                0x00000000        0x0 c:/program files (x86)/atmel/studio/7.0/toolchain/avr8/avr8-gnu-toolchain/bin/../lib/gcc/avr/5.4.0/avr5\libgcc.a(_exit.o)
 .text          0x00000000        0x0 c:/program files (x86)/atmel/studio/7.0/toolchain/avr8/avr8-gnu-toolchain/bin/../lib/gcc/avr/5.4.0/avr5\libgcc.a(_copy_data.o)
 .data          0x00000000        0x0 c:/program files (x86)/atmel/studio/7.0/toolchain/avr8/avr8-gnu-toolchain/bin/../lib/gcc/avr/5.4.0/avr5\libgcc.a(_copy_data.o)
 .bss           0x00000000        0x0 c:/program files (x86)/atmel/studio/7.0/toolchain/avr8/avr8-gnu-toolchain/bin/../lib/gcc/avr/5.4.0/avr5\libgcc.a(_copy_data.o)
 .text.libgcc.mul
                0x00000000        0x0 c:/program files (x86)/atmel/studio/7.0/toolchain/avr8/avr8-gnu-toolchain/bin/../lib/gcc/avr/5.4.0/avr5\libgcc.a(_copy_data.o)
 .text.libgcc.div
                0x00000000        0x0 c:/program files (x86)/atmel/studio/7.0/toolchain/avr8/avr8-gnu-toolchain/bin/../lib/gcc/avr/5.4.0/avr5\libgcc.a(_copy_data.o)
 .text.libgcc   0x00000000        0x0 c:/program files (x86)/atmel/studio/7.0/toolchain/avr8/avr8-gnu-toolchain/bin/../lib/gcc/avr/5.4.0/avr5\libgcc.a(_copy_data.o)
 .text.libgcc.prologue
                0x00000000        0x0 c:/program files (x86)/atmel/studio/7.0/toolchain/avr8/avr8-gnu-toolchain/bin/../lib/gcc/avr/5.4.0/avr5\libgcc.a(_copy_data.o)
 .text.libgcc.builtins
                0x00000000        0x0 c:/program files (x86)/atmel/studio/7.0/toolchain/avr8/avr8-gnu-toolchain/bin/../lib/gcc/avr/5.4.0/avr5\libgcc.a(_copy_data.o)
 .text.libgcc.fmul
                0x00000000        0x0 c:/program files (x86)/atmel/studio/7.0/toolchain/avr8/avr8-gnu-toolchain/bin/../lib/gcc/avr/5.4.0/avr5\libgcc.a(_copy_data.o)
 .text.libgcc.fixed
                0x00000000        0x0 c:/program files (x86)/atmel/studio/7.0/toolchain/avr8/avr8-gnu-toolchain/bin/../lib/gcc/avr/5.4.0/avr5\libgcc.a(_copy_data.o)
 .text          0x00000000        0x0 c:/program files (x86)/atmel/studio/7.0/toolchain/avr8/avr8-gnu-toolchain/bin/../lib/gcc/avr/5.4.0/avr5\libgcc.a(_clear_bss.o)
 .data          0x00000000        0x0 c:/program files (x86)/atmel/studio/7.0/toolchain/avr8/avr8-gnu-toolchain/bin/../lib/gcc/avr/5.4.0/avr5\libgcc.a(_clear_bss.o)
 .bss           0x00000000        0x0 c:/program files (x86)/atmel/studio/7.0/toolchain/avr8/avr8-gnu-toolchain/bin/../lib/gcc/avr/5.4.0/avr5\libgcc.a(_clear_bss.o)
 .text.libgcc.mul
                0x00000000        0x0 c:/program files (x86)/atmel/studio/7.0/toolchain/avr8/avr8-gnu-toolchain/bin/../lib/gcc/avr/5.4.0/avr5\libgcc.a(_clear_bss.o)
 .text.libgcc.div
                0x00000000        0x0 c:/program files (x86)/atmel/studio/7.0/toolchain/avr8/avr8-gnu-toolchain/bin/../lib/gcc/avr/5.4.0/avr5\libgcc.a(_clear_bss.o)
 .text.libgcc   0x00000000        0x0 c:/program files (x86)/atmel/studio/7.0/toolchain/avr8/avr8-gnu-toolchain/bin/../lib/gcc/avr/5.4.0/avr5\libgcc.a(_clear_bss.o)
 .text.libgcc.prologue
                0x00000000        0x0 c:/program files (x86)/atmel/studio/7.0/toolchain/avr8/avr8-gnu-toolchain/bin/../lib/gcc/avr/5.4.0/avr5\libgcc.a(_clear_bss.o)
 .text.libgcc.builtins
                0x00000000        0x0 c:/program files (x86)/atmel/studio/7.0/toolchain/avr8/avr8-gnu-toolchain/bin/../lib/gcc/avr/5.4.0/avr5\libgcc.a(_clear_bss.o)
 .text.libgcc.fmul
                0x00000000        0x0 c:/program files (x86)/atmel/studio/7.0/toolchain/avr8/avr8-gnu-toolchain/bin/../lib/gcc/avr/5.4.0/avr5\libgcc.a(_clear_bss.o)
 .text.libgcc.fixed
                0x00000000        0x0 c:/program files (x86)/atmel/studio/7.0/toolchain/avr8/avr8-gnu-toolchain/bin/../lib/gcc/avr/5.4.0/avr5\libgcc.a(_clear_bss.o)
 .text          0x00000000        0x0 c:/program files (x86)/atmel/studio/7.0/toolchain/avr8/avr8-gnu-toolchain/bin/../lib/gcc/avr/5.4.0/avr5\libgcc.a(_umulhisi3.o)
 .data          0x00000000        0x0 c:/program files (x86)/atmel/studio/7.0/toolchain/avr8/avr8-gnu-toolchain/bin/../lib/gcc/avr/5.4.0/avr5\libgcc.a(_umulhisi3.o)
 .bss           0x00000000        0x0 c:/program files (x86)/atmel/studio/7.0/toolchain/avr8/avr8-gnu-toolchain/bin/../lib/gcc/avr/5.4.0/avr5\libgcc.a(_umulhisi3.o)
 .text.libgcc.div
                0x00000000        0x0 c:/program files (x86)/atmel/studio/7.0/toolchain/avr8/avr8-gnu-toolchain/bin/../lib/gcc/avr/5.4.0/avr5\libgcc.a(_umulhisi3.o)
 .text.libgcc   0x00000000        0x0 c:/program files (x86)/atmel/studio/7.0/toolchain/avr8/avr8-gnu-toolchain/bin/../lib/gcc/avr/5.4.0/avr5\libgcc.a(_umulhisi3.o)
 .text.libgcc.prologue
                0x00000000        0x0 c:/program files (x86)/atmel/studio/7.0/toolchain/avr8/avr8-gnu-toolchain/bin/../lib/gcc/avr/5.4.0/avr5\libgcc.a(_umulhisi3.o)
 .text.libgcc.builtins
                0x00000000        0x0 c:/program files (x86)/atmel/studio/7.0/toolchain/avr8/avr8-gnu-toolchain/bin/../lib/gcc/avr/5.4.0/avr5\libgcc.a(_umulhisi3.o)
 .text.libgcc.fmul
                0x00000000        0x0 c:/program files (x86)/atmel/studio/7.0/toolchain/avr8/avr8-gnu-toolchain/bin/../lib/gcc/avr/5.4.0/avr5\libgcc.a(_umulhisi3.o)
 .text.libgcc.fixed
                0x00000000        0x0 c:/program files (x86)/atmel/studio/7.0/toolchain/avr8/avr8-gnu-toolchain/bin/../lib/gcc/avr/5.4.0/avr5\libgcc.a(_umulhisi3.o)

Memory Configuration

Name             Origin             Length             Attributes
text             0x00000000         0x00008000         xr
data             0x00800060         0x00000800         rw !x
eeprom           0x00810000         0x00000400         rw !x
fuse             0x00820000         0x00000002         rw !x
lock             0x00830000         0x00000400         rw !x
signature        0x00840000         0x00000400         rw !x
user_signatures  0x00850000         0x00000400         rw !x
*default*        0x00000000         0xffffffff

Linker script and memory map

LOAD C:/Program Files (x86)/Atmel/Studio/7.0/Packs/atmel/ATmega_DFP/1.7.374/gcc/dev/atmega32/avr5/crtatmega32.o
LOAD APP/SMARTHOME_INTERFACE.o
LOAD CFG/DIO_cfg.o
LOAD CFG/KeyPad_cfg.o
LOAD HAL/KeyPad.o
LOAD HAL/LCD.o
LOAD HAL/SERVO.o
LOAD main.o
LOAD MCAL/ADC.o
LOAD MCAL/DIO.o
LOAD MCAL/EEPROM.o
LOAD MCAL/EXINT.o
LOAD MCAL/TIMERS.o
LOAD MCAL/UART.o
LOAD SERVICE/UART_SERVICE.o
START GROUP
LOAD c:/program files (x86)/atmel/studio/7.0/toolchain/avr8/avr8-gnu-toolchain/bin/../lib/gcc/avr/5.4.0/../../../../avr/lib/avr5\libm.a
END GROUP
START GROUP
LOAD c:/program files (x86)/atmel/studio/7.0/toolchain/avr8/avr8-gnu-toolchain/bin/../lib/gcc/avr/5.4.0/avr5\libgcc.a
LOAD c:/program files (x86)/atmel/studio/7.0/toolchain/avr8/avr8-gnu-toolchain/bin/../lib/gcc/avr/5.4.0/../../../../avr/lib/avr5\libm.a
LOAD c:/program files (x86)/atmel/studio/7.0/toolchain/avr8/avr8-gnu-toolchain/bin/../lib/gcc/avr/5.4.0/../../../../avr/lib/avr5\libc.a
LOAD C:/Program Files (x86)/Atmel/Studio/7.0/Packs/atmel/ATmega_DFP/1.7.374/gcc/dev/atmega32/avr5\libatmega32.a
END GROUP
                0x00000000                __TEXT_REGION_ORIGIN__ = DEFINED (__TEXT_REGION_ORIGIN__)?__TEXT_REGION_ORIGIN__:0x0
                [0x00800060]                __DATA_REGION_ORIGIN__ = DEFINED (__DATA_REGION_ORIGIN__)?__DATA_REGION_ORIGIN__:0x800060
                [0x00008000]                __TEXT_REGION_LENGTH__ = DEFINED (__TEXT_REGION_LENGTH__)?__TEXT_REGION_LENGTH__:0x20000
                [0x00000800]                __DATA_REGION_LENGTH__ = DEFINED (__DATA_REGION_LENGTH__)?__DATA_REGION_LENGTH__:0xffa0
                [0x00000400]                __EEPROM_REGION_LENGTH__ = DEFINED (__EEPROM_REGION_LENGTH__)?__EEPROM_REGION_LENGTH__:0x10000
                [0x00000002]                __FUSE_REGION_LENGTH__ = DEFINED (__FUSE_REGION_LENGTH__)?__FUSE_REGION_LENGTH__:0x400
                0x00000400                __LOCK_REGION_LENGTH__ = DEFINED (__LOCK_REGION_LENGTH__)?__LOCK_REGION_LENGTH__:0x400
                0x00000400                __SIGNATURE_REGION_LENGTH__ = DEFINED (__SIGNATURE_REGION_LENGTH__)?__SIGNATURE_REGION_LENGTH__:0x400
                0x00000400                __USER_SIGNATURE_REGION_LENGTH__ = DEFINED (__USER_SIGNATURE_REGION_LENGTH__)?__USER_SIGNATURE_REGION_LENGTH__:0x400

.hash
 *(.hash)

.dynsym
 *(.dynsym)

.dynstr
 *(.dynstr)

.gnu.version
 *(.gnu.version)

.gnu.version_d
 *(.gnu.version_d)

.gnu.version_r
 *(.gnu.version_r)

.rel.init
 *(.rel.init)

.rela.init
 *(.rela.init)

.rel.text
 *(.rel.text)
 *(.rel.text.*)
 *(.rel.gnu.linkonce.t*)

.rela.text
 *(.rela.text)
 *(.rela.text.*)
 *(.rela.gnu.linkonce.t*)

.rel.fini
 *(.rel.fini)

.rela.fini
 *(.rela.fini)

.rel.rodata
 *(.rel.rodata)
 *(.rel.rodata.*)
 *(.rel.gnu.linkonce.r*)

.rela.rodata
 *(.rela.rodata)
 *(.rela.rodata.*)
 *(.rela.gnu.linkonce.r*)

.rel.data
 *(.rel.data)
 *(.rel.data.*)
 *(.rel.gnu.linkonce.d*)

.rela.data
 *(.rela.data)
 *(.rela.data.*)
 *(.rela.gnu.linkonce.d*)

.rel.ctors
 *(.rel.ctors)

.rela.ctors
 *(.rela.ctors)

.rel.dtors
 *(.rel.dtors)

.rela.dtors
 *(.rela.dtors)

.rel.got
 *(.rel.got)

.rela.got
 *(.rela.got)

.rel.bss
 *(.rel.bss)

.rela.bss
 *(.rela.bss)

.rel.plt
 *(.rel.plt)

.rela.plt
 *(.rela.plt)

.text           0x00000000     0x10a2
 *(.vectors)
 .vectors       0x00000000       0x54 C:/Program Files (x86)/Atmel/Studio/7.0/Packs/atmel/ATmega_DFP/1.7.374/gcc/dev/atmega32/avr5/crtatmega32.o
                0x00000000                __vector_default
                0x00000000                __vectors
 *(.vectors)
 *(.progmem.gcc*)
                0x00000054                . = ALIGN (0x2)
                0x00000054                __trampolines_start = .
 *(.trampolines)
 .trampolines   0x00000054        0x0 linker stubs
 *(.trampolines*)
                0x00000054                __trampolines_end = .
 *libprintf_flt.a:*(.progmem.data)
 *libc.a:*(.progmem.data)
 *(.progmem*)
                0x00000054                . = ALIGN (0x2)
 *(.jumptables)
 *(.jumptables*)
 *(.lowtext)
 *(.lowtext*)
                0x00000054                __ctors_start = .
 *(.ctors)
                0x00000054                __ctors_end = .
                0x00000054                __dtors_start = .
 *(.dtors)
                0x00000054                __dtors_end = .
 SORT(*)(.ctors)
 SORT(*)(.dtors)
 *(.init0)
 .init0         0x00000054        0x0 C:/Program Files (x86)/Atmel/Studio/7.0/Packs/atmel/ATmega_DFP/1.7.374/gcc/dev/atmega32/avr5/crtatmega32.o
                0x00000054                __init
 *(.init0)
 *(.init1)
 *(.init1)
 *(.init2)
 .init2         0x00000054        0xc C:/Program Files (x86)/Atmel/Studio/7.0/Packs/atmel/ATmega_DFP/1.7.374/gcc/dev/atmega32/avr5/crtatmega32.o
 *(.init2)
 *(.init3)
 *(.init3)
 *(.init4)
 .init4         0x00000060       0x16 c:/program files (x86)/atmel/studio/7.0/toolchain/avr8/avr8-gnu-toolchain/bin/../lib/gcc/avr/5.4.0/avr5\libgcc.a(_copy_data.o)
                0x00000060                __do_copy_data
 .init4         0x00000076       0x10 c:/program files (x86)/atmel/studio/7.0/toolchain/avr8/avr8-gnu-toolchain/bin/../lib/gcc/avr/5.4.0/avr5\libgcc.a(_clear_bss.o)
                0x00000076                __do_clear_bss
 *(.init4)
 *(.init5)
 *(.init5)
 *(.init6)
 *(.init6)
 *(.init7)
 *(.init7)
 *(.init8)
 *(.init8)
 *(.init9)
 .init9         0x00000086        0x8 C:/Program Files (x86)/Atmel/Studio/7.0/Packs/atmel/ATmega_DFP/1.7.374/gcc/dev/atmega32/avr5/crtatmega32.o
 *(.init9)
 *(.text)
 .text          0x0000008e        0x4 C:/Program Files (x86)/Atmel/Studio/7.0/Packs/atmel/ATmega_DFP/1.7.374/gcc/dev/atmega32/avr5/crtatmega32.o
                0x0000008e                __vector_12
                0x0000008e                __bad_interrupt
                0x0000008e                __vector_17
                0x0000008e                __vector_19
                0x0000008e                __vector_5
                0x0000008e                __vector_4
                0x0000008e                __vector_14
                0x0000008e                __vector_16
                0x0000008e                __vector_18
                0x0000008e                __vector_20
                0x00000092                . = ALIGN (0x2)
 *(.text.*)
 .text.SMARTHOME_Security_Scan
                0x00000092       0x70 APP/SMARTHOME_INTERFACE.o
                0x00000092                SMARTHOME_Security_Scan
 .text.SMARTHOME_Security_Init
                0x00000102       0x2c APP/SMARTHOME_INTERFACE.o
                0x00000102                SMARTHOME_Security_Init
 .text.SMARTHOME_SetPassword
                0x0000012e       0x42 APP/SMARTHOME_INTERFACE.o
                0x0000012e                SMARTHOME_SetPassword
 .text.Main_Window
                0x00000170       0x24 APP/SMARTHOME_INTERFACE.o
                0x00000170                Main_Window
 .text.SMARTHOME_BuzzerOn
                0x00000194        0x8 APP/SMARTHOME_INTERFACE.o
                0x00000194                SMARTHOME_BuzzerOn
 .text.SMARTHOME_BuzzerOff
                0x0000019c        0x8 APP/SMARTHOME_INTERFACE.o
                0x0000019c                SMARTHOME_BuzzerOff
 .text.MAX_TRIALS_HNADLER
                0x000001a4       0x5c APP/SMARTHOME_INTERFACE.o
                0x000001a4                MAX_TRIALS_HNADLER
 .text.SMARTHOME_DoorOpen
                0x00000200        0x6 APP/SMARTHOME_INTERFACE.o
                0x00000200                SMARTHOME_DoorOpen
 .text.SMARTHOME_CheckPassword
                0x00000206       0xda APP/SMARTHOME_INTERFACE.o
                0x00000206                SMARTHOME_CheckPassword
 .text.SMARTHOME_Security_Runnable
                0x000002e0      0x1fa APP/SMARTHOME_INTERFACE.o
                0x000002e0                SMARTHOME_Security_Runnable
 .text.KEYPAD_Init
                0x000004da       0x1e HAL/KeyPad.o
                0x000004da                KEYPAD_Init
 .text.KEYPAD_Get_Key
                0x000004f8       0x98 HAL/KeyPad.o
                0x000004f8                KEYPAD_Get_Key
 .text.LCD_WriteCommand
                0x00000590       0x90 HAL/LCD.o
                0x00000590                LCD_WriteCommand
 .text.LCD_WriteData
                0x00000620       0x88 HAL/LCD.o
                0x00000620                LCD_WriteData
 .text.LCD_Init
                0x000006a8       0x6e HAL/LCD.o
                0x000006a8                LCD_Init
 .text.LCD_WriteChar
                0x00000716        0x4 HAL/LCD.o
                0x00000716                LCD_WriteChar
 .text.LCD_WriteString
                0x0000071a       0x26 HAL/LCD.o
                0x0000071a                LCD_WriteString
 .text.LCD_WriteNumber
                0x00000740       0xbc HAL/LCD.o
                0x00000740                LCD_WriteNumber
 .text.LCD_Clear
                0x000007fc       0x14 HAL/LCD.o
                0x000007fc                LCD_Clear
 .text.LCD_SetCursor
                0x00000810       0x16 HAL/LCD.o
                0x00000810                LCD_SetCursor
 .text.SERVO_SetPostiion
                0x00000826       0x22 HAL/SERVO.o
                0x00000826                SERVO_SetPostiion
 .text.SERVO_Init
                0x00000848       0x18 HAL/SERVO.o
                0x00000848                SERVO_Init
 .text.startup.main
                0x00000860       0x1a main.o
                0x00000860                main
 .text.DIO_InitPin
                0x0000087a      0x1ca MCAL/DIO.o
                0x0000087a                DIO_InitPin
 .text.DIO_Init
                0x00000a44       0x26 MCAL/DIO.o
                0x00000a44                DIO_Init
 .text.DIO_ReadPin
                0x00000a6a       0x3a MCAL/DIO.o
                0x00000a6a                DIO_ReadPin
 .text.DIO_WritePin
                0x00000aa4      0x112 MCAL/DIO.o
                0x00000aa4                DIO_WritePin
 .text.DIO_WritePort
                0x00000bb6       0x20 MCAL/DIO.o
                0x00000bb6                DIO_WritePort
 .text.EEPROM_WriteData
                0x00000bd6       0x10 MCAL/EEPROM.o
                0x00000bd6                EEPROM_WriteData
 .text.EEPROM_ReadData
                0x00000be6        0xe MCAL/EEPROM.o
                0x00000be6                EEPROM_ReadData
 .text.__vector_1
                0x00000bf4       0x52 MCAL/EXINT.o
                0x00000bf4                __vector_1
 .text.__vector_2
                0x00000c46       0x52 MCAL/EXINT.o
                0x00000c46                __vector_2
 .text.__vector_3
                0x00000c98       0x52 MCAL/EXINT.o
                0x00000c98                __vector_3
 .text.__vector_10
                0x00000cea       0x52 MCAL/TIMERS.o
                0x00000cea                __vector_10
 .text.__vector_11
                0x00000d3c       0x52 MCAL/TIMERS.o
                0x00000d3c                __vector_11
 .text.Timer1_Init
                0x00000d8e       0x78 MCAL/TIMERS.o
                0x00000d8e                Timer1_Init
 .text.Timer1_OCRA1Mode
                0x00000e06       0x36 MCAL/TIMERS.o
                0x00000e06                Timer1_OCRA1Mode
 .text.__vector_9
                0x00000e3c       0x52 MCAL/TIMERS.o
                0x00000e3c                __vector_9
 .text.__vector_7
                0x00000e8e       0x52 MCAL/TIMERS.o
                0x00000e8e                __vector_7
 .text.__vector_8
                0x00000ee0       0x52 MCAL/TIMERS.o
                0x00000ee0                __vector_8
 .text.__vector_6
                0x00000f32       0x52 MCAL/TIMERS.o
                0x00000f32                __vector_6
 .text.UART_Init
                0x00000f84        0xc MCAL/UART.o
                0x00000f84                UART_Init
 .text.UART_SendUsingPooling
                0x00000f90        0x8 MCAL/UART.o
                0x00000f90                UART_SendUsingPooling
 .text.__vector_13
                0x00000f98       0x52 MCAL/UART.o
                0x00000f98                __vector_13
 .text.__vector_15
                0x00000fea       0x52 MCAL/UART.o
                0x00000fea                __vector_15
 .text.libgcc.div
                0x0000103c       0x44 c:/program files (x86)/atmel/studio/7.0/toolchain/avr8/avr8-gnu-toolchain/bin/../lib/gcc/avr/5.4.0/avr5\libgcc.a(_udivmodsi4.o)
                0x0000103c                __udivmodsi4
 .text.libgcc.mul
                0x00001080       0x1e c:/program files (x86)/atmel/studio/7.0/toolchain/avr8/avr8-gnu-toolchain/bin/../lib/gcc/avr/5.4.0/avr5\libgcc.a(_umulhisi3.o)
                0x00001080                __umulhisi3
                0x0000109e                . = ALIGN (0x2)
 *(.fini9)
 .fini9         0x0000109e        0x0 c:/program files (x86)/atmel/studio/7.0/toolchain/avr8/avr8-gnu-toolchain/bin/../lib/gcc/avr/5.4.0/avr5\libgcc.a(_exit.o)
                0x0000109e                _exit
                0x0000109e                exit
 *(.fini9)
 *(.fini8)
 *(.fini8)
 *(.fini7)
 *(.fini7)
 *(.fini6)
 *(.fini6)
 *(.fini5)
 *(.fini5)
 *(.fini4)
 *(.fini4)
 *(.fini3)
 *(.fini3)
 *(.fini2)
 *(.fini2)
 *(.fini1)
 *(.fini1)
 *(.fini0)
 .fini0         0x0000109e        0x4 c:/program files (x86)/atmel/studio/7.0/toolchain/avr8/avr8-gnu-toolchain/bin/../lib/gcc/avr/5.4.0/avr5\libgcc.a(_exit.o)
 *(.fini0)
                0x000010a2                _etext = .

.data           0x00800060       0xfa load address 0x000010a2
                0x00800060                PROVIDE (__data_start, .)
 *(.data)
 *(.data*)
 .data.PIN_CODE
                0x00800060        0x1 APP/SMARTHOME_INTERFACE.o
                0x00800060                PIN_CODE
 *(.gnu.linkonce.d*)
 *(.rodata)
 *(.rodata*)
 .rodata.str1.1
                0x00800061       0xc0 APP/SMARTHOME_INTERFACE.o
                                 0xcb (size before relaxing)
 .rodata.PinsStatusArray
                0x00800121       0x20 CFG/DIO_cfg.o
                0x00800121                PinsStatusArray
 .rodata.COL_arr
                0x00800141        0x4 CFG/KeyPad_cfg.o
                0x00800141                COL_arr
 .rodata.ROW_arr
                0x00800145        0x4 CFG/KeyPad_cfg.o
                0x00800145                ROW_arr
 .rodata.KeysArray
                0x00800149       0x10 CFG/KeyPad_cfg.o
                0x00800149                KeysArray
 *(.gnu.linkonce.r*)
                0x0080015a                . = ALIGN (0x2)
 *fill*         0x00800159        0x1 
                0x0080015a                _edata = .
                0x0080015a                PROVIDE (__data_end, .)

.bss            0x0080015a       0x1e
                0x0080015a                PROVIDE (__bss_start, .)
 *(.bss)
 *(.bss*)
 .bss.flag.2068
                0x0080015a        0x1 APP/SMARTHOME_INTERFACE.o
 .bss.EXIT_AUTO_FLAG
                0x0080015b        0x1 APP/SMARTHOME_INTERFACE.o
                0x0080015b                EXIT_AUTO_FLAG
 .bss.OPERATING_MODE
                0x0080015c        0x1 APP/SMARTHOME_INTERFACE.o
                0x0080015c                OPERATING_MODE
 .bss.MANUAL_MODE_CHOICE
                0x0080015d        0x1 APP/SMARTHOME_INTERFACE.o
                0x0080015d                MANUAL_MODE_CHOICE
 .bss.MODE_CHOICE
                0x0080015e        0x1 APP/SMARTHOME_INTERFACE.o
                0x0080015e                MODE_CHOICE
 .bss.CORRECT_PASS_FLAG
                0x0080015f        0x1 APP/SMARTHOME_INTERFACE.o
 .bss.MAX_TRIALS_FLAG
                0x00800160        0x1 APP/SMARTHOME_INTERFACE.o
                0x00800160                MAX_TRIALS_FLAG
 .bss.PTF_EXTINT2
                0x00800161        0x2 MCAL/EXINT.o
 .bss.PTF_EXTINT1
                0x00800163        0x2 MCAL/EXINT.o
 .bss.PTF_EXTINT0
                0x00800165        0x2 MCAL/EXINT.o
 .bss.Timer1_ICU_Fptr
                0x00800167        0x2 MCAL/TIMERS.o
 .bss.Timer1_OCB_Fptr
                0x00800169        0x2 MCAL/TIMERS.o
 .bss.Timer1_OCA_Fptr
                0x0080016b        0x2 MCAL/TIMERS.o
 .bss.Timer1_OVF_Fptr
                0x0080016d        0x2 MCAL/TIMERS.o
 .bss.Timer0_OC0_Fptr
                0x0080016f        0x2 MCAL/TIMERS.o
 .bss.Timer0_OVF_Fptr
                0x00800171        0x2 MCAL/TIMERS.o
 .bss.Rx_Ptr    0x00800173        0x2 MCAL/UART.o
 .bss.Tx_Ptr    0x00800175        0x2 MCAL/UART.o
 *(COMMON)
 COMMON         0x00800177        0x1 APP/SMARTHOME_INTERFACE.o
                0x00800177                GLOBAL_Password
                0x00800178                PROVIDE (__bss_end, .)
                0x000010a2                __data_load_start = LOADADDR (.data)
                0x0000119c                __data_load_end = (__data_load_start + SIZEOF (.data))

.noinit         0x00800178        0x0
                [!provide]                PROVIDE (__noinit_start, .)
 *(.noinit*)
                [!provide]                PROVIDE (__noinit_end, .)
                0x00800178                _end = .
                [!provide]                PROVIDE (__heap_start, .)

.eeprom         0x00810000        0x0
 *(.eeprom*)
                0x00810000                __eeprom_end = .

.fuse
 *(.fuse)
 *(.lfuse)
 *(.hfuse)
 *(.efuse)

.lock
 *(.lock*)

.signature
 *(.signature*)

.user_signatures
 *(.user_signatures*)

.stab
 *(.stab)

.stabstr
 *(.stabstr)

.stab.excl
 *(.stab.excl)

.stab.exclstr
 *(.stab.exclstr)

.stab.index
 *(.stab.index)

.stab.indexstr
 *(.stab.indexstr)

.comment        0x00000000       0x30
 *(.comment)
 .comment       0x00000000       0x30 APP/SMARTHOME_INTERFACE.o
                                 0x31 (size before relaxing)
 .comment       0x00000030       0x31 CFG/DIO_cfg.o
 .comment       0x00000030       0x31 CFG/KeyPad_cfg.o
 .comment       0x00000030       0x31 HAL/KeyPad.o
 .comment       0x00000030       0x31 HAL/LCD.o
 .comment       0x00000030       0x31 HAL/SERVO.o
 .comment       0x00000030       0x31 main.o
 .comment       0x00000030       0x31 MCAL/DIO.o
 .comment       0x00000030       0x31 MCAL/EEPROM.o
 .comment       0x00000030       0x31 MCAL/EXINT.o
 .comment       0x00000030       0x31 MCAL/TIMERS.o
 .comment       0x00000030       0x31 MCAL/UART.o

.note.gnu.avr.deviceinfo
                0x00000000       0x3c
 .note.gnu.avr.deviceinfo
                0x00000000       0x3c C:/Program Files (x86)/Atmel/Studio/7.0/Packs/atmel/ATmega_DFP/1.7.374/gcc/dev/atmega32/avr5/crtatmega32.o

.note.gnu.build-id
 *(.note.gnu.build-id)

.debug
 *(.debug)

.line
 *(.line)

.debug_srcinfo
 *(.debug_srcinfo)

.debug_sfnames
 *(.debug_sfnames)

.debug_aranges
 *(.debug_aranges)

.debug_pubnames
 *(.debug_pubnames)

.debug_info     0x00000000      0x4e6
 *(.debug_info .gnu.linkonce.wi.*)
 .debug_info    0x00000000      0x4e6 C:/Program Files (x86)/Atmel/Studio/7.0/Packs/atmel/ATmega_DFP/1.7.374/gcc/dev/atmega32/avr5/crtatmega32.o

.debug_abbrev   0x00000000      0x4a3
 *(.debug_abbrev)
 .debug_abbrev  0x00000000      0x4a3 C:/Program Files (x86)/Atmel/Studio/7.0/Packs/atmel/ATmega_DFP/1.7.374/gcc/dev/atmega32/avr5/crtatmega32.o

.debug_line     0x00000000      0x116
 *(.debug_line .debug_line.* .debug_line_end)
 .debug_line    0x00000000      0x116 C:/Program Files (x86)/Atmel/Studio/7.0/Packs/atmel/ATmega_DFP/1.7.374/gcc/dev/atmega32/avr5/crtatmega32.o

.debug_frame
 *(.debug_frame)

.debug_str      0x00000000      0x196
 *(.debug_str)
 .debug_str     0x00000000      0x196 C:/Program Files (x86)/Atmel/Studio/7.0/Packs/atmel/ATmega_DFP/1.7.374/gcc/dev/atmega32/avr5/crtatmega32.o

.debug_loc
 *(.debug_loc)

.debug_macinfo
 *(.debug_macinfo)

.debug_weaknames
 *(.debug_weaknames)

.debug_funcnames
 *(.debug_funcnames)

.debug_typenames
 *(.debug_typenames)

.debug_varnames
 *(.debug_varnames)

.debug_pubtypes
 *(.debug_pubtypes)

.debug_ranges
 *(.debug_ranges)

.debug_macro
 *(.debug_macro)
OUTPUT(SMART_HOME_INTERFACE.elf elf32-avr)
LOAD linker stubs
