Archive member included to satisfy reference by file (symbol)

c:/program files (x86)/atmel/studio/7.0/toolchain/avr8/avr8-gnu-toolchain/bin/../lib/gcc/avr/5.4.0/avr5\libgcc.a(_udivmodsi4.o)
                              HAL/LCD.o (__udivmodsi4)
c:/program files (x86)/atmel/studio/7.0/toolchain/avr8/avr8-gnu-toolchain/bin/../lib/gcc/avr/5.4.0/avr5\libgcc.a(_divmodsi4.o)
                              HAL/LCD.o (__divmodsi4)
c:/program files (x86)/atmel/studio/7.0/toolchain/avr8/avr8-gnu-toolchain/bin/../lib/gcc/avr/5.4.0/avr5\libgcc.a(_negsi2.o)
                              c:/program files (x86)/atmel/studio/7.0/toolchain/avr8/avr8-gnu-toolchain/bin/../lib/gcc/avr/5.4.0/avr5\libgcc.a(_divmodsi4.o) (__negsi2)
c:/program files (x86)/atmel/studio/7.0/toolchain/avr8/avr8-gnu-toolchain/bin/../lib/gcc/avr/5.4.0/avr5\libgcc.a(_exit.o)
                              C:/Program Files (x86)/Atmel/Studio/7.0/Packs/atmel/ATmega_DFP/1.7.374/gcc/dev/atmega32/avr5/crtatmega32.o (exit)
c:/program files (x86)/atmel/studio/7.0/toolchain/avr8/avr8-gnu-toolchain/bin/../lib/gcc/avr/5.4.0/avr5\libgcc.a(_copy_data.o)
                              APP/SMART_HOME.o (__do_copy_data)
c:/program files (x86)/atmel/studio/7.0/toolchain/avr8/avr8-gnu-toolchain/bin/../lib/gcc/avr/5.4.0/avr5\libgcc.a(_clear_bss.o)
                              APP/SMART_HOME.o (__do_clear_bss)
c:/program files (x86)/atmel/studio/7.0/toolchain/avr8/avr8-gnu-toolchain/bin/../lib/gcc/avr/5.4.0/avr5\libgcc.a(_umulhisi3.o)
                              HAL/LCD.o (__umulhisi3)

Allocating common symbols
Common symbol       size              file

rec_data            0x1               APP/SMART_HOME.o

Discarded input sections

 .data          0x00000000        0x0 C:/Program Files (x86)/Atmel/Studio/7.0/Packs/atmel/ATmega_DFP/1.7.374/gcc/dev/atmega32/avr5/crtatmega32.o
 .bss           0x00000000        0x0 C:/Program Files (x86)/Atmel/Studio/7.0/Packs/atmel/ATmega_DFP/1.7.374/gcc/dev/atmega32/avr5/crtatmega32.o
 .text          0x00000000        0x0 APP/SMART_HOME.o
 .data          0x00000000        0x0 APP/SMART_HOME.o
 .bss           0x00000000        0x0 APP/SMART_HOME.o
 .text          0x00000000        0x0 CFG/DIO_cfg.o
 .data          0x00000000        0x0 CFG/DIO_cfg.o
 .bss           0x00000000        0x0 CFG/DIO_cfg.o
 .text          0x00000000        0x0 CFG/KeyPad_cfg.o
 .data          0x00000000        0x0 CFG/KeyPad_cfg.o
 .bss           0x00000000        0x0 CFG/KeyPad_cfg.o
 .rodata.COL_arr
                0x00000000        0x4 CFG/KeyPad_cfg.o
 .rodata.ROW_arr
                0x00000000        0x4 CFG/KeyPad_cfg.o
 .rodata.KeysArray
                0x00000000       0x10 CFG/KeyPad_cfg.o
 .debug_info    0x00000000      0x19c CFG/KeyPad_cfg.o
 .debug_abbrev  0x00000000       0x75 CFG/KeyPad_cfg.o
 .debug_aranges
                0x00000000       0x18 CFG/KeyPad_cfg.o
 .debug_line    0x00000000       0x61 CFG/KeyPad_cfg.o
 .debug_str     0x00000000      0x23b CFG/KeyPad_cfg.o
 .comment       0x00000000       0x31 CFG/KeyPad_cfg.o
 .text          0x00000000        0x0 HAL/LCD.o
 .data          0x00000000        0x0 HAL/LCD.o
 .bss           0x00000000        0x0 HAL/LCD.o
 .text.LCD_WriteChar
                0x00000000        0x6 HAL/LCD.o
 .text.LCD_WriteNumber
                0x00000000       0xa4 HAL/LCD.o
 .text.LCD_WriteSignNumber
                0x00000000       0xc2 HAL/LCD.o
 .text.LCD_WriteNumInFullBin
                0x00000000       0x44 HAL/LCD.o
 .text.LCD_WriteNumInBin
                0x00000000       0x5a HAL/LCD.o
 .text.LCD_WriteNumberInHexa
                0x00000000       0x42 HAL/LCD.o
 .text.LCD_ConvertFromHex2Dec
                0x00000000        0x2 HAL/LCD.o
 .text.LCD_WriteNumIn2Dig
                0x00000000       0x56 HAL/LCD.o
 .text.LCD_WriteNumIn3Dig
                0x00000000       0xe0 HAL/LCD.o
 .text.LCD_WriteNumIn4Dig
                0x00000000      0x142 HAL/LCD.o
 .text.LCD_WriteInArrabic
                0x00000000       0x5c HAL/LCD.o
 .text          0x00000000        0x0 HAL/Sensors.o
 .data          0x00000000        0x0 HAL/Sensors.o
 .bss           0x00000000        0x0 HAL/Sensors.o
 .text          0x00000000        0x0 main.o
 .data          0x00000000        0x0 main.o
 .bss           0x00000000        0x0 main.o
 .text          0x00000000        0x0 MCAL/ADC.o
 .data          0x00000000        0x0 MCAL/ADC.o
 .bss           0x00000000        0x0 MCAL/ADC.o
 .text          0x00000000        0x0 MCAL/DIO.o
 .data          0x00000000        0x0 MCAL/DIO.o
 .bss           0x00000000        0x0 MCAL/DIO.o
 .text.DIO_InitPort
                0x00000000       0xcc MCAL/DIO.o
 .text.DIO_ReadPin
                0x00000000       0x70 MCAL/DIO.o
 .text.DIO_ReadPort
                0x00000000       0x24 MCAL/DIO.o
 .text.DIO_TogglePin
                0x00000000       0x82 MCAL/DIO.o
 .text.DIO_TogglePort
                0x00000000       0x38 MCAL/DIO.o
 .text          0x00000000        0x0 MCAL/UART.o
 .data          0x00000000        0x0 MCAL/UART.o
 .bss           0x00000000        0x0 MCAL/UART.o
 .text.UART_SendUsingPooling
                0x00000000        0x8 MCAL/UART.o
 .text.UART_Send_NoBlock
                0x00000000        0x4 MCAL/UART.o
 .text.UART_ReceiveByteNoBlock
                0x00000000        0x4 MCAL/UART.o
 .text.UART_SendReceive
                0x00000000        0xa MCAL/UART.o
 .text.UART_TxInterruptEnable
                0x00000000        0x8 MCAL/UART.o
 .text.UART_TxInterruptDisable
                0x00000000        0x8 MCAL/UART.o
 .text.UART_TX_SetCallBack
                0x00000000        0xa MCAL/UART.o
 .text          0x00000000        0x0 SERVICE/UART_SERVICE.o
 .data          0x00000000        0x0 SERVICE/UART_SERVICE.o
 .bss           0x00000000        0x0 SERVICE/UART_SERVICE.o
 .text.UART_SendString
                0x00000000       0x2c SERVICE/UART_SERVICE.o
 .text.UART_RecieveString
                0x00000000       0x42 SERVICE/UART_SERVICE.o
 .text.UART_SendNumber
                0x00000000       0x2c SERVICE/UART_SERVICE.o
 .text.UART_RecieveNumber
                0x00000000       0x68 SERVICE/UART_SERVICE.o
 .text.UART_String_Compare
                0x00000000       0x6c SERVICE/UART_SERVICE.o
 .text.UART_split_string
                0x00000000       0x5a SERVICE/UART_SERVICE.o
 .text          0x00000000        0x0 c:/program files (x86)/atmel/studio/7.0/toolchain/avr8/avr8-gnu-toolchain/bin/../lib/gcc/avr/5.4.0/avr5\libgcc.a(_udivmodsi4.o)
 .data          0x00000000        0x0 c:/program files (x86)/atmel/studio/7.0/toolchain/avr8/avr8-gnu-toolchain/bin/../lib/gcc/avr/5.4.0/avr5\libgcc.a(_udivmodsi4.o)
 .bss           0x00000000        0x0 c:/program files (x86)/atmel/studio/7.0/toolchain/avr8/avr8-gnu-toolchain/bin/../lib/gcc/avr/5.4.0/avr5\libgcc.a(_udivmodsi4.o)
 .text.libgcc.mul
                0x00000000        0x0 c:/program files (x86)/atmel/studio/7.0/toolchain/avr8/avr8-gnu-toolchain/bin/../lib/gcc/avr/5.4.0/avr5\libgcc.a(_udivmodsi4.o)
 .text.libgcc   0x00000000        0x0 c:/program files (x86)/atmel/studio/7.0/toolchain/avr8/avr8-gnu-toolchain/bin/../lib/gcc/avr/5.4.0/avr5\libgcc.a(_udivmodsi4.o)
 .text.libgcc.prologue
                0x00000000        0x0 c:/program files (x86)/atmel/studio/7.0/toolchain/avr8/avr8-gnu-toolchain/bin/../lib/gcc/avr/5.4.0/avr5\libgcc.a(_udivmodsi4.o)
 .text.libgcc.builtins
                0x00000000        0x0 c:/program files (x86)/atmel/studio/7.0/toolchain/avr8/avr8-gnu-toolchain/bin/../lib/gcc/avr/5.4.0/avr5\libgcc.a(_udivmodsi4.o)
 .text.libgcc.fmul
                0x00000000        0x0 c:/program files (x86)/atmel/studio/7.0/toolchain/avr8/avr8-gnu-toolchain/bin/../lib/gcc/avr/5.4.0/avr5\libgcc.a(_udivmodsi4.o)
 .text.libgcc.fixed
                0x00000000        0x0 c:/program files (x86)/atmel/studio/7.0/toolchain/avr8/avr8-gnu-toolchain/bin/../lib/gcc/avr/5.4.0/avr5\libgcc.a(_udivmodsi4.o)
 .text          0x00000000        0x0 c:/program files (x86)/atmel/studio/7.0/toolchain/avr8/avr8-gnu-toolchain/bin/../lib/gcc/avr/5.4.0/avr5\libgcc.a(_divmodsi4.o)
 .data          0x00000000        0x0 c:/program files (x86)/atmel/studio/7.0/toolchain/avr8/avr8-gnu-toolchain/bin/../lib/gcc/avr/5.4.0/avr5\libgcc.a(_divmodsi4.o)
 .bss           0x00000000        0x0 c:/program files (x86)/atmel/studio/7.0/toolchain/avr8/avr8-gnu-toolchain/bin/../lib/gcc/avr/5.4.0/avr5\libgcc.a(_divmodsi4.o)
 .text.libgcc.mul
                0x00000000        0x0 c:/program files (x86)/atmel/studio/7.0/toolchain/avr8/avr8-gnu-toolchain/bin/../lib/gcc/avr/5.4.0/avr5\libgcc.a(_divmodsi4.o)
 .text.libgcc.div
                0x00000000       0x2e c:/program files (x86)/atmel/studio/7.0/toolchain/avr8/avr8-gnu-toolchain/bin/../lib/gcc/avr/5.4.0/avr5\libgcc.a(_divmodsi4.o)
 .text.libgcc   0x00000000        0x0 c:/program files (x86)/atmel/studio/7.0/toolchain/avr8/avr8-gnu-toolchain/bin/../lib/gcc/avr/5.4.0/avr5\libgcc.a(_divmodsi4.o)
 .text.libgcc.prologue
                0x00000000        0x0 c:/program files (x86)/atmel/studio/7.0/toolchain/avr8/avr8-gnu-toolchain/bin/../lib/gcc/avr/5.4.0/avr5\libgcc.a(_divmodsi4.o)
 .text.libgcc.builtins
                0x00000000        0x0 c:/program files (x86)/atmel/studio/7.0/toolchain/avr8/avr8-gnu-toolchain/bin/../lib/gcc/avr/5.4.0/avr5\libgcc.a(_divmodsi4.o)
 .text.libgcc.fmul
                0x00000000        0x0 c:/program files (x86)/atmel/studio/7.0/toolchain/avr8/avr8-gnu-toolchain/bin/../lib/gcc/avr/5.4.0/avr5\libgcc.a(_divmodsi4.o)
 .text.libgcc.fixed
                0x00000000        0x0 c:/program files (x86)/atmel/studio/7.0/toolchain/avr8/avr8-gnu-toolchain/bin/../lib/gcc/avr/5.4.0/avr5\libgcc.a(_divmodsi4.o)
 .text          0x00000000        0x0 c:/program files (x86)/atmel/studio/7.0/toolchain/avr8/avr8-gnu-toolchain/bin/../lib/gcc/avr/5.4.0/avr5\libgcc.a(_negsi2.o)
 .data          0x00000000        0x0 c:/program files (x86)/atmel/studio/7.0/toolchain/avr8/avr8-gnu-toolchain/bin/../lib/gcc/avr/5.4.0/avr5\libgcc.a(_negsi2.o)
 .bss           0x00000000        0x0 c:/program files (x86)/atmel/studio/7.0/toolchain/avr8/avr8-gnu-toolchain/bin/../lib/gcc/avr/5.4.0/avr5\libgcc.a(_negsi2.o)
 .text.libgcc.mul
                0x00000000        0x0 c:/program files (x86)/atmel/studio/7.0/toolchain/avr8/avr8-gnu-toolchain/bin/../lib/gcc/avr/5.4.0/avr5\libgcc.a(_negsi2.o)
 .text.libgcc.div
                0x00000000       0x10 c:/program files (x86)/atmel/studio/7.0/toolchain/avr8/avr8-gnu-toolchain/bin/../lib/gcc/avr/5.4.0/avr5\libgcc.a(_negsi2.o)
 .text.libgcc   0x00000000        0x0 c:/program files (x86)/atmel/studio/7.0/toolchain/avr8/avr8-gnu-toolchain/bin/../lib/gcc/avr/5.4.0/avr5\libgcc.a(_negsi2.o)
 .text.libgcc.prologue
                0x00000000        0x0 c:/program files (x86)/atmel/studio/7.0/toolchain/avr8/avr8-gnu-toolchain/bin/../lib/gcc/avr/5.4.0/avr5\libgcc.a(_negsi2.o)
 .text.libgcc.builtins
                0x00000000        0x0 c:/program files (x86)/atmel/studio/7.0/toolchain/avr8/avr8-gnu-toolchain/bin/../lib/gcc/avr/5.4.0/avr5\libgcc.a(_negsi2.o)
 .text.libgcc.fmul
                0x00000000        0x0 c:/program files (x86)/atmel/studio/7.0/toolchain/avr8/avr8-gnu-toolchain/bin/../lib/gcc/avr/5.4.0/avr5\libgcc.a(_negsi2.o)
 .text.libgcc.fixed
                0x00000000        0x0 c:/program files (x86)/atmel/studio/7.0/toolchain/avr8/avr8-gnu-toolchain/bin/../lib/gcc/avr/5.4.0/avr5\libgcc.a(_negsi2.o)
 .text          0x00000000        0x0 c:/program files (x86)/atmel/studio/7.0/toolchain/avr8/avr8-gnu-toolchain/bin/../lib/gcc/avr/5.4.0/avr5\libgcc.a(_exit.o)
 .data          0x00000000        0x0 c:/program files (x86)/atmel/studio/7.0/toolchain/avr8/avr8-gnu-toolchain/bin/../lib/gcc/avr/5.4.0/avr5\libgcc.a(_exit.o)
 .bss           0x00000000        0x0 c:/program files (x86)/atmel/studio/7.0/toolchain/avr8/avr8-gnu-toolchain/bin/../lib/gcc/avr/5.4.0/avr5\libgcc.a(_exit.o)
 .text.libgcc.mul
                0x00000000        0x0 c:/program files (x86)/atmel/studio/7.0/toolchain/avr8/avr8-gnu-toolchain/bin/../lib/gcc/avr/5.4.0/avr5\libgcc.a(_exit.o)
 .text.libgcc.div
                0x00000000        0x0 c:/program files (x86)/atmel/studio/7.0/toolchain/avr8/avr8-gnu-toolchain/bin/../lib/gcc/avr/5.4.0/avr5\libgcc.a(_exit.o)
 .text.libgcc   0x00000000        0x0 c:/program files (x86)/atmel/studio/7.0/toolchain/avr8/avr8-gnu-toolchain/bin/../lib/gcc/avr/5.4.0/avr5\libgcc.a(_exit.o)
 .text.libgcc.prologue
                0x00000000        0x0 c:/program files (x86)/atmel/studio/7.0/toolchain/avr8/avr8-gnu-toolchain/bin/../lib/gcc/avr/5.4.0/avr5\libgcc.a(_exit.o)
 .text.libgcc.builtins
                0x00000000        0x0 c:/program files (x86)/atmel/studio/7.0/toolchain/avr8/avr8-gnu-toolchain/bin/../lib/gcc/avr/5.4.0/avr5\libgcc.a(_exit.o)
 .text.libgcc.fmul
                0x00000000        0x0 c:/program files (x86)/atmel/studio/7.0/toolchain/avr8/avr8-gnu-toolchain/bin/../lib/gcc/avr/5.4.0/avr5\libgcc.a(_exit.o)
 .text.libgcc.fixed
                0x00000000        0x0 c:/program files (x86)/atmel/studio/7.0/toolchain/avr8/avr8-gnu-toolchain/bin/../lib/gcc/avr/5.4.0/avr5\libgcc.a(_exit.o)
 .text          0x00000000        0x0 c:/program files (x86)/atmel/studio/7.0/toolchain/avr8/avr8-gnu-toolchain/bin/../lib/gcc/avr/5.4.0/avr5\libgcc.a(_copy_data.o)
 .data          0x00000000        0x0 c:/program files (x86)/atmel/studio/7.0/toolchain/avr8/avr8-gnu-toolchain/bin/../lib/gcc/avr/5.4.0/avr5\libgcc.a(_copy_data.o)
 .bss           0x00000000        0x0 c:/program files (x86)/atmel/studio/7.0/toolchain/avr8/avr8-gnu-toolchain/bin/../lib/gcc/avr/5.4.0/avr5\libgcc.a(_copy_data.o)
 .text.libgcc.mul
                0x00000000        0x0 c:/program files (x86)/atmel/studio/7.0/toolchain/avr8/avr8-gnu-toolchain/bin/../lib/gcc/avr/5.4.0/avr5\libgcc.a(_copy_data.o)
 .text.libgcc.div
                0x00000000        0x0 c:/program files (x86)/atmel/studio/7.0/toolchain/avr8/avr8-gnu-toolchain/bin/../lib/gcc/avr/5.4.0/avr5\libgcc.a(_copy_data.o)
 .text.libgcc   0x00000000        0x0 c:/program files (x86)/atmel/studio/7.0/toolchain/avr8/avr8-gnu-toolchain/bin/../lib/gcc/avr/5.4.0/avr5\libgcc.a(_copy_data.o)
 .text.libgcc.prologue
                0x00000000        0x0 c:/program files (x86)/atmel/studio/7.0/toolchain/avr8/avr8-gnu-toolchain/bin/../lib/gcc/avr/5.4.0/avr5\libgcc.a(_copy_data.o)
 .text.libgcc.builtins
                0x00000000        0x0 c:/program files (x86)/atmel/studio/7.0/toolchain/avr8/avr8-gnu-toolchain/bin/../lib/gcc/avr/5.4.0/avr5\libgcc.a(_copy_data.o)
 .text.libgcc.fmul
                0x00000000        0x0 c:/program files (x86)/atmel/studio/7.0/toolchain/avr8/avr8-gnu-toolchain/bin/../lib/gcc/avr/5.4.0/avr5\libgcc.a(_copy_data.o)
 .text.libgcc.fixed
                0x00000000        0x0 c:/program files (x86)/atmel/studio/7.0/toolchain/avr8/avr8-gnu-toolchain/bin/../lib/gcc/avr/5.4.0/avr5\libgcc.a(_copy_data.o)
 .text          0x00000000        0x0 c:/program files (x86)/atmel/studio/7.0/toolchain/avr8/avr8-gnu-toolchain/bin/../lib/gcc/avr/5.4.0/avr5\libgcc.a(_clear_bss.o)
 .data          0x00000000        0x0 c:/program files (x86)/atmel/studio/7.0/toolchain/avr8/avr8-gnu-toolchain/bin/../lib/gcc/avr/5.4.0/avr5\libgcc.a(_clear_bss.o)
 .bss           0x00000000        0x0 c:/program files (x86)/atmel/studio/7.0/toolchain/avr8/avr8-gnu-toolchain/bin/../lib/gcc/avr/5.4.0/avr5\libgcc.a(_clear_bss.o)
 .text.libgcc.mul
                0x00000000        0x0 c:/program files (x86)/atmel/studio/7.0/toolchain/avr8/avr8-gnu-toolchain/bin/../lib/gcc/avr/5.4.0/avr5\libgcc.a(_clear_bss.o)
 .text.libgcc.div
                0x00000000        0x0 c:/program files (x86)/atmel/studio/7.0/toolchain/avr8/avr8-gnu-toolchain/bin/../lib/gcc/avr/5.4.0/avr5\libgcc.a(_clear_bss.o)
 .text.libgcc   0x00000000        0x0 c:/program files (x86)/atmel/studio/7.0/toolchain/avr8/avr8-gnu-toolchain/bin/../lib/gcc/avr/5.4.0/avr5\libgcc.a(_clear_bss.o)
 .text.libgcc.prologue
                0x00000000        0x0 c:/program files (x86)/atmel/studio/7.0/toolchain/avr8/avr8-gnu-toolchain/bin/../lib/gcc/avr/5.4.0/avr5\libgcc.a(_clear_bss.o)
 .text.libgcc.builtins
                0x00000000        0x0 c:/program files (x86)/atmel/studio/7.0/toolchain/avr8/avr8-gnu-toolchain/bin/../lib/gcc/avr/5.4.0/avr5\libgcc.a(_clear_bss.o)
 .text.libgcc.fmul
                0x00000000        0x0 c:/program files (x86)/atmel/studio/7.0/toolchain/avr8/avr8-gnu-toolchain/bin/../lib/gcc/avr/5.4.0/avr5\libgcc.a(_clear_bss.o)
 .text.libgcc.fixed
                0x00000000        0x0 c:/program files (x86)/atmel/studio/7.0/toolchain/avr8/avr8-gnu-toolchain/bin/../lib/gcc/avr/5.4.0/avr5\libgcc.a(_clear_bss.o)
 .text          0x00000000        0x0 c:/program files (x86)/atmel/studio/7.0/toolchain/avr8/avr8-gnu-toolchain/bin/../lib/gcc/avr/5.4.0/avr5\libgcc.a(_umulhisi3.o)
 .data          0x00000000        0x0 c:/program files (x86)/atmel/studio/7.0/toolchain/avr8/avr8-gnu-toolchain/bin/../lib/gcc/avr/5.4.0/avr5\libgcc.a(_umulhisi3.o)
 .bss           0x00000000        0x0 c:/program files (x86)/atmel/studio/7.0/toolchain/avr8/avr8-gnu-toolchain/bin/../lib/gcc/avr/5.4.0/avr5\libgcc.a(_umulhisi3.o)
 .text.libgcc.div
                0x00000000        0x0 c:/program files (x86)/atmel/studio/7.0/toolchain/avr8/avr8-gnu-toolchain/bin/../lib/gcc/avr/5.4.0/avr5\libgcc.a(_umulhisi3.o)
 .text.libgcc   0x00000000        0x0 c:/program files (x86)/atmel/studio/7.0/toolchain/avr8/avr8-gnu-toolchain/bin/../lib/gcc/avr/5.4.0/avr5\libgcc.a(_umulhisi3.o)
 .text.libgcc.prologue
                0x00000000        0x0 c:/program files (x86)/atmel/studio/7.0/toolchain/avr8/avr8-gnu-toolchain/bin/../lib/gcc/avr/5.4.0/avr5\libgcc.a(_umulhisi3.o)
 .text.libgcc.builtins
                0x00000000        0x0 c:/program files (x86)/atmel/studio/7.0/toolchain/avr8/avr8-gnu-toolchain/bin/../lib/gcc/avr/5.4.0/avr5\libgcc.a(_umulhisi3.o)
 .text.libgcc.fmul
                0x00000000        0x0 c:/program files (x86)/atmel/studio/7.0/toolchain/avr8/avr8-gnu-toolchain/bin/../lib/gcc/avr/5.4.0/avr5\libgcc.a(_umulhisi3.o)
 .text.libgcc.fixed
                0x00000000        0x0 c:/program files (x86)/atmel/studio/7.0/toolchain/avr8/avr8-gnu-toolchain/bin/../lib/gcc/avr/5.4.0/avr5\libgcc.a(_umulhisi3.o)

Memory Configuration

Name             Origin             Length             Attributes
text             0x00000000         0x00008000         xr
data             0x00800060         0x00000800         rw !x
eeprom           0x00810000         0x00000400         rw !x
fuse             0x00820000         0x00000002         rw !x
lock             0x00830000         0x00000400         rw !x
signature        0x00840000         0x00000400         rw !x
user_signatures  0x00850000         0x00000400         rw !x
*default*        0x00000000         0xffffffff

Linker script and memory map

LOAD C:/Program Files (x86)/Atmel/Studio/7.0/Packs/atmel/ATmega_DFP/1.7.374/gcc/dev/atmega32/avr5/crtatmega32.o
LOAD APP/SMART_HOME.o
LOAD CFG/DIO_cfg.o
LOAD CFG/KeyPad_cfg.o
LOAD HAL/LCD.o
LOAD HAL/Sensors.o
LOAD main.o
LOAD MCAL/ADC.o
LOAD MCAL/DIO.o
LOAD MCAL/UART.o
LOAD SERVICE/UART_SERVICE.o
START GROUP
LOAD c:/program files (x86)/atmel/studio/7.0/toolchain/avr8/avr8-gnu-toolchain/bin/../lib/gcc/avr/5.4.0/../../../../avr/lib/avr5\libm.a
END GROUP
START GROUP
LOAD c:/program files (x86)/atmel/studio/7.0/toolchain/avr8/avr8-gnu-toolchain/bin/../lib/gcc/avr/5.4.0/avr5\libgcc.a
LOAD c:/program files (x86)/atmel/studio/7.0/toolchain/avr8/avr8-gnu-toolchain/bin/../lib/gcc/avr/5.4.0/../../../../avr/lib/avr5\libm.a
LOAD c:/program files (x86)/atmel/studio/7.0/toolchain/avr8/avr8-gnu-toolchain/bin/../lib/gcc/avr/5.4.0/../../../../avr/lib/avr5\libc.a
LOAD C:/Program Files (x86)/Atmel/Studio/7.0/Packs/atmel/ATmega_DFP/1.7.374/gcc/dev/atmega32/avr5\libatmega32.a
END GROUP
                0x00000000                __TEXT_REGION_ORIGIN__ = DEFINED (__TEXT_REGION_ORIGIN__)?__TEXT_REGION_ORIGIN__:0x0
                [0x00800060]                __DATA_REGION_ORIGIN__ = DEFINED (__DATA_REGION_ORIGIN__)?__DATA_REGION_ORIGIN__:0x800060
                [0x00008000]                __TEXT_REGION_LENGTH__ = DEFINED (__TEXT_REGION_LENGTH__)?__TEXT_REGION_LENGTH__:0x20000
                [0x00000800]                __DATA_REGION_LENGTH__ = DEFINED (__DATA_REGION_LENGTH__)?__DATA_REGION_LENGTH__:0xffa0
                [0x00000400]                __EEPROM_REGION_LENGTH__ = DEFINED (__EEPROM_REGION_LENGTH__)?__EEPROM_REGION_LENGTH__:0x10000
                [0x00000002]                __FUSE_REGION_LENGTH__ = DEFINED (__FUSE_REGION_LENGTH__)?__FUSE_REGION_LENGTH__:0x400
                0x00000400                __LOCK_REGION_LENGTH__ = DEFINED (__LOCK_REGION_LENGTH__)?__LOCK_REGION_LENGTH__:0x400
                0x00000400                __SIGNATURE_REGION_LENGTH__ = DEFINED (__SIGNATURE_REGION_LENGTH__)?__SIGNATURE_REGION_LENGTH__:0x400
                0x00000400                __USER_SIGNATURE_REGION_LENGTH__ = DEFINED (__USER_SIGNATURE_REGION_LENGTH__)?__USER_SIGNATURE_REGION_LENGTH__:0x400

.hash
 *(.hash)

.dynsym
 *(.dynsym)

.dynstr
 *(.dynstr)

.gnu.version
 *(.gnu.version)

.gnu.version_d
 *(.gnu.version_d)

.gnu.version_r
 *(.gnu.version_r)

.rel.init
 *(.rel.init)

.rela.init
 *(.rela.init)

.rel.text
 *(.rel.text)
 *(.rel.text.*)
 *(.rel.gnu.linkonce.t*)

.rela.text
 *(.rela.text)
 *(.rela.text.*)
 *(.rela.gnu.linkonce.t*)

.rel.fini
 *(.rel.fini)

.rela.fini
 *(.rela.fini)

.rel.rodata
 *(.rel.rodata)
 *(.rel.rodata.*)
 *(.rel.gnu.linkonce.r*)

.rela.rodata
 *(.rela.rodata)
 *(.rela.rodata.*)
 *(.rela.gnu.linkonce.r*)

.rel.data
 *(.rel.data)
 *(.rel.data.*)
 *(.rel.gnu.linkonce.d*)

.rela.data
 *(.rela.data)
 *(.rela.data.*)
 *(.rela.gnu.linkonce.d*)

.rel.ctors
 *(.rel.ctors)

.rela.ctors
 *(.rela.ctors)

.rel.dtors
 *(.rel.dtors)

.rela.dtors
 *(.rela.dtors)

.rel.got
 *(.rel.got)

.rela.got
 *(.rela.got)

.rel.bss
 *(.rel.bss)

.rela.bss
 *(.rela.bss)

.rel.plt
 *(.rel.plt)

.rela.plt
 *(.rela.plt)

.text           0x00000000      0xb22
 *(.vectors)
 .vectors       0x00000000       0x54 C:/Program Files (x86)/Atmel/Studio/7.0/Packs/atmel/ATmega_DFP/1.7.374/gcc/dev/atmega32/avr5/crtatmega32.o
                0x00000000                __vector_default
                0x00000000                __vectors
 *(.vectors)
 *(.progmem.gcc*)
                0x00000054                . = ALIGN (0x2)
                0x00000054                __trampolines_start = .
 *(.trampolines)
 .trampolines   0x00000054        0x0 linker stubs
 *(.trampolines*)
                0x00000054                __trampolines_end = .
 *libprintf_flt.a:*(.progmem.data)
 *libc.a:*(.progmem.data)
 *(.progmem*)
                0x00000054                . = ALIGN (0x2)
 *(.jumptables)
 *(.jumptables*)
 *(.lowtext)
 *(.lowtext*)
                0x00000054                __ctors_start = .
 *(.ctors)
                0x00000054                __ctors_end = .
                0x00000054                __dtors_start = .
 *(.dtors)
                0x00000054                __dtors_end = .
 SORT(*)(.ctors)
 SORT(*)(.dtors)
 *(.init0)
 .init0         0x00000054        0x0 C:/Program Files (x86)/Atmel/Studio/7.0/Packs/atmel/ATmega_DFP/1.7.374/gcc/dev/atmega32/avr5/crtatmega32.o
                0x00000054                __init
 *(.init0)
 *(.init1)
 *(.init1)
 *(.init2)
 .init2         0x00000054        0xc C:/Program Files (x86)/Atmel/Studio/7.0/Packs/atmel/ATmega_DFP/1.7.374/gcc/dev/atmega32/avr5/crtatmega32.o
 *(.init2)
 *(.init3)
 *(.init3)
 *(.init4)
 .init4         0x00000060       0x16 c:/program files (x86)/atmel/studio/7.0/toolchain/avr8/avr8-gnu-toolchain/bin/../lib/gcc/avr/5.4.0/avr5\libgcc.a(_copy_data.o)
                0x00000060                __do_copy_data
 .init4         0x00000076       0x10 c:/program files (x86)/atmel/studio/7.0/toolchain/avr8/avr8-gnu-toolchain/bin/../lib/gcc/avr/5.4.0/avr5\libgcc.a(_clear_bss.o)
                0x00000076                __do_clear_bss
 *(.init4)
 *(.init5)
 *(.init5)
 *(.init6)
 *(.init6)
 *(.init7)
 *(.init7)
 *(.init8)
 *(.init8)
 *(.init9)
 .init9         0x00000086        0x8 C:/Program Files (x86)/Atmel/Studio/7.0/Packs/atmel/ATmega_DFP/1.7.374/gcc/dev/atmega32/avr5/crtatmega32.o
 *(.init9)
 *(.text)
 .text          0x0000008e        0x4 C:/Program Files (x86)/Atmel/Studio/7.0/Packs/atmel/ATmega_DFP/1.7.374/gcc/dev/atmega32/avr5/crtatmega32.o
                0x0000008e                __vector_1
                0x0000008e                __vector_12
                0x0000008e                __bad_interrupt
                0x0000008e                __vector_6
                0x0000008e                __vector_3
                0x0000008e                __vector_11
                0x0000008e                __vector_17
                0x0000008e                __vector_19
                0x0000008e                __vector_7
                0x0000008e                __vector_5
                0x0000008e                __vector_4
                0x0000008e                __vector_9
                0x0000008e                __vector_2
                0x0000008e                __vector_8
                0x0000008e                __vector_14
                0x0000008e                __vector_10
                0x0000008e                __vector_16
                0x0000008e                __vector_18
                0x0000008e                __vector_20
                0x00000092                . = ALIGN (0x2)
 *(.text.*)
 .text.TV_ON    0x00000092        0xe APP/SMART_HOME.o
                0x00000092                TV_ON
 .text.TV_OFF   0x000000a0        0xc APP/SMART_HOME.o
                0x000000a0                TV_OFF
 .text.LIGHT_ON
                0x000000ac        0xe APP/SMART_HOME.o
                0x000000ac                LIGHT_ON
 .text.LIGHT_OFF
                0x000000ba        0xc APP/SMART_HOME.o
                0x000000ba                LIGHT_OFF
 .text.FAN_ON   0x000000c6        0xe APP/SMART_HOME.o
                0x000000c6                FAN_ON
 .text.FAN_OFF  0x000000d4        0xc APP/SMART_HOME.o
                0x000000d4                FAN_OFF
 .text.PUMP_ON  0x000000e0        0xe APP/SMART_HOME.o
                0x000000e0                PUMP_ON
 .text.PUMP_OFF
                0x000000ee        0xc APP/SMART_HOME.o
                0x000000ee                PUMP_OFF
 .text.FAILED_Security
                0x000000fa        0xe APP/SMART_HOME.o
                0x000000fa                FAILED_Security
 .text.EXIT_AUTO
                0x00000108       0x50 APP/SMART_HOME.o
                0x00000108                EXIT_AUTO
 .text.PASSED_Security
                0x00000158       0x20 APP/SMART_HOME.o
                0x00000158                PASSED_Security
 .text.MANUAL_Mode
                0x00000178       0x24 APP/SMART_HOME.o
                0x00000178                MANUAL_Mode
 .text.f1       0x0000019c        0xc APP/SMART_HOME.o
                0x0000019c                f1
 .text.task_search
                0x000001a8       0x54 APP/SMART_HOME.o
                0x000001a8                task_search
 .text.tasks_monitor
                0x000001fc       0xea APP/SMART_HOME.o
                0x000001fc                tasks_monitor
 .text.AUTO_Mode
                0x000002e6       0xb6 APP/SMART_HOME.o
                0x000002e6                AUTO_Mode
 .text.SLAVE_Runnable
                0x0000039c       0x26 APP/SMART_HOME.o
                0x0000039c                SLAVE_Runnable
 .text.LCD_WriteCommand
                0x000003c2       0x98 HAL/LCD.o
                0x000003c2                LCD_WriteCommand
 .text.LCD_WriteData
                0x0000045a       0x90 HAL/LCD.o
                0x0000045a                LCD_WriteData
 .text.LCD_Init
                0x000004ea       0x6e HAL/LCD.o
                0x000004ea                LCD_Init
 .text.LCD_WriteString
                0x00000558       0x26 HAL/LCD.o
                0x00000558                LCD_WriteString
 .text.LCD_Clear
                0x0000057e       0x14 HAL/LCD.o
                0x0000057e                LCD_Clear
 .text.LCD_SetCursor
                0x00000592       0x1c HAL/LCD.o
                0x00000592                LCD_SetCursor
 .text.TEMP_Read
                0x000005ae        0x8 HAL/Sensors.o
                0x000005ae                TEMP_Read
 .text.PRESSURE_Read
                0x000005b6       0x28 HAL/Sensors.o
                0x000005b6                PRESSURE_Read
 .text.LDR_Read
                0x000005de       0x14 HAL/Sensors.o
                0x000005de                LDR_Read
 .text.main     0x000005f2       0x1c main.o
                0x000005f2                main
 .text.ADC_Init
                0x0000060e       0x4e MCAL/ADC.o
                0x0000060e                ADC_Init
 .text.ADC_Read
                0x0000065c       0x24 MCAL/ADC.o
                0x0000065c                ADC_Read
 .text.ADC_ReadVolt
                0x00000680       0x26 MCAL/ADC.o
                0x00000680                ADC_ReadVolt
 .text.DIO_InitPin
                0x000006a6      0x1d2 MCAL/DIO.o
                0x000006a6                DIO_InitPin
 .text.DIO_Init
                0x00000878       0x20 MCAL/DIO.o
                0x00000878                DIO_Init
 .text.DIO_WritePin
                0x00000898      0x11a MCAL/DIO.o
                0x00000898                DIO_WritePin
 .text.DIO_WritePort
                0x000009b2       0x20 MCAL/DIO.o
                0x000009b2                DIO_WritePort
 .text.UART_Init
                0x000009d2       0x18 MCAL/UART.o
                0x000009d2                UART_Init
 .text.UART_ReceiveUsingpooling
                0x000009ea        0x8 MCAL/UART.o
                0x000009ea                UART_ReceiveUsingpooling
 .text.UART_RX_InterruptEnable
                0x000009f2        0x8 MCAL/UART.o
                0x000009f2                UART_RX_InterruptEnable
 .text.UART_RX_InterruptDisable
                0x000009fa        0x8 MCAL/UART.o
                0x000009fa                UART_RX_InterruptDisable
 .text.UART_RX_SetCallBack
                0x00000a02        0xa MCAL/UART.o
                0x00000a02                UART_RX_SetCallBack
 .text.__vector_13
                0x00000a0c       0x52 MCAL/UART.o
                0x00000a0c                __vector_13
 .text.__vector_15
                0x00000a5e       0x52 MCAL/UART.o
                0x00000a5e                __vector_15
 .text.UART_Char_Compare
                0x00000ab0        0xc SERVICE/UART_SERVICE.o
                0x00000ab0                UART_Char_Compare
 .text.libgcc.div
                0x00000abc       0x44 c:/program files (x86)/atmel/studio/7.0/toolchain/avr8/avr8-gnu-toolchain/bin/../lib/gcc/avr/5.4.0/avr5\libgcc.a(_udivmodsi4.o)
                0x00000abc                __udivmodsi4
 .text.libgcc.mul
                0x00000b00       0x1e c:/program files (x86)/atmel/studio/7.0/toolchain/avr8/avr8-gnu-toolchain/bin/../lib/gcc/avr/5.4.0/avr5\libgcc.a(_umulhisi3.o)
                0x00000b00                __umulhisi3
                0x00000b1e                . = ALIGN (0x2)
 *(.fini9)
 .fini9         0x00000b1e        0x0 c:/program files (x86)/atmel/studio/7.0/toolchain/avr8/avr8-gnu-toolchain/bin/../lib/gcc/avr/5.4.0/avr5\libgcc.a(_exit.o)
                0x00000b1e                _exit
                0x00000b1e                exit
 *(.fini9)
 *(.fini8)
 *(.fini8)
 *(.fini7)
 *(.fini7)
 *(.fini6)
 *(.fini6)
 *(.fini5)
 *(.fini5)
 *(.fini4)
 *(.fini4)
 *(.fini3)
 *(.fini3)
 *(.fini2)
 *(.fini2)
 *(.fini1)
 *(.fini1)
 *(.fini0)
 .fini0         0x00000b1e        0x4 c:/program files (x86)/atmel/studio/7.0/toolchain/avr8/avr8-gnu-toolchain/bin/../lib/gcc/avr/5.4.0/avr5\libgcc.a(_exit.o)
 *(.fini0)
                0x00000b22                _etext = .

.data           0x00800060       0xb6 load address 0x00000b22
                0x00800060                PROVIDE (__data_start, .)
 *(.data)
 *(.data*)
 .data.tasks    0x00800060       0x27 APP/SMART_HOME.o
                0x00800060                tasks
 *(.gnu.linkonce.d*)
 *(.rodata)
 *(.rodata*)
 .rodata.str1.1
                0x00800087       0x6e APP/SMART_HOME.o
 .rodata.PinsStatusArray
                0x008000f5       0x20 CFG/DIO_cfg.o
                0x008000f5                PinsStatusArray
 *(.gnu.linkonce.r*)
                0x00800116                . = ALIGN (0x2)
 *fill*         0x00800115        0x1 
                0x00800116                _edata = .
                0x00800116                PROVIDE (__data_end, .)

.bss            0x00800116        0xa
                0x00800116                PROVIDE (__bss_start, .)
 *(.bss)
 *(.bss*)
 .bss.EXIT_AUTO_FLAG
                0x00800116        0x1 APP/SMART_HOME.o
                0x00800116                EXIT_AUTO_FLAG
 .bss.PUMP_FLAG
                0x00800117        0x1 APP/SMART_HOME.o
 .bss.FAN_FLAG  0x00800118        0x1 APP/SMART_HOME.o
 .bss.LIGHT_FLAG
                0x00800119        0x1 APP/SMART_HOME.o
 .bss.TV_FLAG   0x0080011a        0x1 APP/SMART_HOME.o
 .bss.Rx_Ptr    0x0080011b        0x2 MCAL/UART.o
 .bss.Tx_Ptr    0x0080011d        0x2 MCAL/UART.o
 *(COMMON)
 COMMON         0x0080011f        0x1 APP/SMART_HOME.o
                0x0080011f                rec_data
                0x00800120                PROVIDE (__bss_end, .)
                0x00000b22                __data_load_start = LOADADDR (.data)
                0x00000bd8                __data_load_end = (__data_load_start + SIZEOF (.data))

.noinit         0x00800120        0x0
                [!provide]                PROVIDE (__noinit_start, .)
 *(.noinit*)
                [!provide]                PROVIDE (__noinit_end, .)
                0x00800120                _end = .
                [!provide]                PROVIDE (__heap_start, .)

.eeprom         0x00810000        0x0
 *(.eeprom*)
                0x00810000                __eeprom_end = .

.fuse
 *(.fuse)
 *(.lfuse)
 *(.hfuse)
 *(.efuse)

.lock
 *(.lock*)

.signature
 *(.signature*)

.user_signatures
 *(.user_signatures*)

.stab
 *(.stab)

.stabstr
 *(.stabstr)

.stab.excl
 *(.stab.excl)

.stab.exclstr
 *(.stab.exclstr)

.stab.index
 *(.stab.index)

.stab.indexstr
 *(.stab.indexstr)

.comment        0x00000000       0x30
 *(.comment)
 .comment       0x00000000       0x30 APP/SMART_HOME.o
                                 0x31 (size before relaxing)
 .comment       0x00000030       0x31 CFG/DIO_cfg.o
 .comment       0x00000030       0x31 HAL/LCD.o
 .comment       0x00000030       0x31 HAL/Sensors.o
 .comment       0x00000030       0x31 main.o
 .comment       0x00000030       0x31 MCAL/ADC.o
 .comment       0x00000030       0x31 MCAL/DIO.o
 .comment       0x00000030       0x31 MCAL/UART.o
 .comment       0x00000030       0x31 SERVICE/UART_SERVICE.o

.note.gnu.avr.deviceinfo
                0x00000000       0x3c
 .note.gnu.avr.deviceinfo
                0x00000000       0x3c C:/Program Files (x86)/Atmel/Studio/7.0/Packs/atmel/ATmega_DFP/1.7.374/gcc/dev/atmega32/avr5/crtatmega32.o

.note.gnu.build-id
 *(.note.gnu.build-id)

.debug
 *(.debug)

.line
 *(.line)

.debug_srcinfo
 *(.debug_srcinfo)

.debug_sfnames
 *(.debug_sfnames)

.debug_aranges  0x00000000      0x310
 *(.debug_aranges)
 .debug_aranges
                0x00000000       0xa0 APP/SMART_HOME.o
 .debug_aranges
                0x000000a0       0x18 CFG/DIO_cfg.o
 .debug_aranges
                0x000000b8       0xa0 HAL/LCD.o
 .debug_aranges
                0x00000158       0x30 HAL/Sensors.o
 .debug_aranges
                0x00000188       0x20 main.o
 .debug_aranges
                0x000001a8       0x30 MCAL/ADC.o
 .debug_aranges
                0x000001d8       0x60 MCAL/DIO.o
 .debug_aranges
                0x00000238       0x88 MCAL/UART.o
 .debug_aranges
                0x000002c0       0x50 SERVICE/UART_SERVICE.o

.debug_pubnames
 *(.debug_pubnames)

.debug_info     0x00000000     0x2e17
 *(.debug_info .gnu.linkonce.wi.*)
 .debug_info    0x00000000      0x4e6 C:/Program Files (x86)/Atmel/Studio/7.0/Packs/atmel/ATmega_DFP/1.7.374/gcc/dev/atmega32/avr5/crtatmega32.o
 .debug_info    0x000004e6      0xb21 APP/SMART_HOME.o
 .debug_info    0x00001007      0x178 CFG/DIO_cfg.o
 .debug_info    0x0000117f      0xd6d HAL/LCD.o
 .debug_info    0x00001eec      0x18b HAL/Sensors.o
 .debug_info    0x00002077      0x155 main.o
 .debug_info    0x000021cc      0x26d MCAL/ADC.o
 .debug_info    0x00002439      0x47c MCAL/DIO.o
 .debug_info    0x000028b5      0x22e MCAL/UART.o
 .debug_info    0x00002ae3      0x334 SERVICE/UART_SERVICE.o

.debug_abbrev   0x00000000     0x108a
 *(.debug_abbrev)
 .debug_abbrev  0x00000000      0x4a3 C:/Program Files (x86)/Atmel/Studio/7.0/Packs/atmel/ATmega_DFP/1.7.374/gcc/dev/atmega32/avr5/crtatmega32.o
 .debug_abbrev  0x000004a3      0x23e APP/SMART_HOME.o
 .debug_abbrev  0x000006e1       0x75 CFG/DIO_cfg.o
 .debug_abbrev  0x00000756      0x261 HAL/LCD.o
 .debug_abbrev  0x000009b7       0xc3 HAL/Sensors.o
 .debug_abbrev  0x00000a7a       0x99 main.o
 .debug_abbrev  0x00000b13      0x167 MCAL/ADC.o
 .debug_abbrev  0x00000c7a      0x1b7 MCAL/DIO.o
 .debug_abbrev  0x00000e31      0x105 MCAL/UART.o
 .debug_abbrev  0x00000f36      0x154 SERVICE/UART_SERVICE.o

.debug_line     0x00000000     0x1812
 *(.debug_line .debug_line.* .debug_line_end)
 .debug_line    0x00000000      0x116 C:/Program Files (x86)/Atmel/Studio/7.0/Packs/atmel/ATmega_DFP/1.7.374/gcc/dev/atmega32/avr5/crtatmega32.o
 .debug_line    0x00000116      0x4fb APP/SMART_HOME.o
 .debug_line    0x00000611       0x49 CFG/DIO_cfg.o
 .debug_line    0x0000065a      0x612 HAL/LCD.o
 .debug_line    0x00000c6c       0xac HAL/Sensors.o
 .debug_line    0x00000d18       0xb6 main.o
 .debug_line    0x00000dce      0x1c9 MCAL/ADC.o
 .debug_line    0x00000f97      0x445 MCAL/DIO.o
 .debug_line    0x000013dc      0x1dc MCAL/UART.o
 .debug_line    0x000015b8      0x25a SERVICE/UART_SERVICE.o

.debug_frame    0x00000000      0x714
 *(.debug_frame)
 .debug_frame   0x00000000      0x158 APP/SMART_HOME.o
 .debug_frame   0x00000158      0x204 HAL/LCD.o
 .debug_frame   0x0000035c       0x44 HAL/Sensors.o
 .debug_frame   0x000003a0       0x24 main.o
 .debug_frame   0x000003c4       0x44 MCAL/ADC.o
 .debug_frame   0x00000408       0xac MCAL/DIO.o
 .debug_frame   0x000004b4      0x184 MCAL/UART.o
 .debug_frame   0x00000638       0xdc SERVICE/UART_SERVICE.o

.debug_str      0x00000000      0xb21
 *(.debug_str)
 .debug_str     0x00000000      0x196 C:/Program Files (x86)/Atmel/Studio/7.0/Packs/atmel/ATmega_DFP/1.7.374/gcc/dev/atmega32/avr5/crtatmega32.o
 .debug_str     0x00000196      0x36f APP/SMART_HOME.o
                                0x3a3 (size before relaxing)
 .debug_str     0x00000505      0x116 CFG/DIO_cfg.o
                                0x258 (size before relaxing)
 .debug_str     0x0000061b      0x14f HAL/LCD.o
                                0x401 (size before relaxing)
 .debug_str     0x0000076a       0x5d HAL/Sensors.o
                                0x1bd (size before relaxing)
 .debug_str     0x000007c7       0xb2 main.o
                                0x228 (size before relaxing)
 .debug_str     0x00000879       0x4a MCAL/ADC.o
                                0x2c4 (size before relaxing)
 .debug_str     0x000008c3       0xd3 MCAL/DIO.o
                                0x34d (size before relaxing)
 .debug_str     0x00000996       0xc9 MCAL/UART.o
                                0x26f (size before relaxing)
 .debug_str     0x00000a5f       0xc2 SERVICE/UART_SERVICE.o
                                0x25f (size before relaxing)

.debug_loc      0x00000000     0x2092
 *(.debug_loc)
 .debug_loc     0x00000000      0x2a5 APP/SMART_HOME.o
 .debug_loc     0x000002a5      0xd23 HAL/LCD.o
 .debug_loc     0x00000fc8       0x41 HAL/Sensors.o
 .debug_loc     0x00001009      0x124 MCAL/ADC.o
 .debug_loc     0x0000112d      0x9df MCAL/DIO.o
 .debug_loc     0x00001b0c      0x1b5 MCAL/UART.o
 .debug_loc     0x00001cc1      0x3d1 SERVICE/UART_SERVICE.o

.debug_macinfo
 *(.debug_macinfo)

.debug_weaknames
 *(.debug_weaknames)

.debug_funcnames
 *(.debug_funcnames)

.debug_typenames
 *(.debug_typenames)

.debug_varnames
 *(.debug_varnames)

.debug_pubtypes
 *(.debug_pubtypes)

.debug_ranges   0x00000000      0x290
 *(.debug_ranges)
 .debug_ranges  0x00000000       0x90 APP/SMART_HOME.o
 .debug_ranges  0x00000090       0xa8 HAL/LCD.o
 .debug_ranges  0x00000138       0x20 HAL/Sensors.o
 .debug_ranges  0x00000158       0x10 main.o
 .debug_ranges  0x00000168       0x20 MCAL/ADC.o
 .debug_ranges  0x00000188       0x50 MCAL/DIO.o
 .debug_ranges  0x000001d8       0x78 MCAL/UART.o
 .debug_ranges  0x00000250       0x40 SERVICE/UART_SERVICE.o

.debug_macro
 *(.debug_macro)
OUTPUT(SMART_HOME_CONTROL.elf elf32-avr)
LOAD linker stubs
